Archive member included to satisfy reference by file (symbol)

C:/ST/STM32CubeIDE_1.13.1/STM32CubeIDE/plugins/com.st.stm32cube.ide.mcu.externaltools.gnu-tools-for-stm32.11.3.rel1.win32_1.1.0.202305231506/tools/bin/../lib/gcc/arm-none-eabi/11.3.1/../../../../arm-none-eabi/lib/thumb/v7-m/nofp\libc_nano.a(libc_a-exit.o)
                              C:/ST/STM32CubeIDE_1.13.1/STM32CubeIDE/plugins/com.st.stm32cube.ide.mcu.externaltools.gnu-tools-for-stm32.11.3.rel1.win32_1.1.0.202305231506/tools/bin/../lib/gcc/arm-none-eabi/11.3.1/../../../../arm-none-eabi/lib/thumb/v7-m/nofp/crt0.o (exit)
C:/ST/STM32CubeIDE_1.13.1/STM32CubeIDE/plugins/com.st.stm32cube.ide.mcu.externaltools.gnu-tools-for-stm32.11.3.rel1.win32_1.1.0.202305231506/tools/bin/../lib/gcc/arm-none-eabi/11.3.1/../../../../arm-none-eabi/lib/thumb/v7-m/nofp\libc_nano.a(libc_a-strtod.o)
                              ./src/hw/driver/cli.o (strtof)
C:/ST/STM32CubeIDE_1.13.1/STM32CubeIDE/plugins/com.st.stm32cube.ide.mcu.externaltools.gnu-tools-for-stm32.11.3.rel1.win32_1.1.0.202305231506/tools/bin/../lib/gcc/arm-none-eabi/11.3.1/../../../../arm-none-eabi/lib/thumb/v7-m/nofp\libc_nano.a(libc_a-strtoul.o)
                              ./src/hw/driver/cli.o (strtoul)
C:/ST/STM32CubeIDE_1.13.1/STM32CubeIDE/plugins/com.st.stm32cube.ide.mcu.externaltools.gnu-tools-for-stm32.11.3.rel1.win32_1.1.0.202305231506/tools/bin/../lib/gcc/arm-none-eabi/11.3.1/../../../../arm-none-eabi/lib/thumb/v7-m/nofp\libc_nano.a(libc_a-ctype_.o)
                              C:/ST/STM32CubeIDE_1.13.1/STM32CubeIDE/plugins/com.st.stm32cube.ide.mcu.externaltools.gnu-tools-for-stm32.11.3.rel1.win32_1.1.0.202305231506/tools/bin/../lib/gcc/arm-none-eabi/11.3.1/../../../../arm-none-eabi/lib/thumb/v7-m/nofp\libc_nano.a(libc_a-strtoul.o) (_ctype_)
C:/ST/STM32CubeIDE_1.13.1/STM32CubeIDE/plugins/com.st.stm32cube.ide.mcu.externaltools.gnu-tools-for-stm32.11.3.rel1.win32_1.1.0.202305231506/tools/bin/../lib/gcc/arm-none-eabi/11.3.1/../../../../arm-none-eabi/lib/thumb/v7-m/nofp\libc_nano.a(libc_a-findfp.o)
                              C:/ST/STM32CubeIDE_1.13.1/STM32CubeIDE/plugins/com.st.stm32cube.ide.mcu.externaltools.gnu-tools-for-stm32.11.3.rel1.win32_1.1.0.202305231506/tools/bin/../lib/gcc/arm-none-eabi/11.3.1/../../../../arm-none-eabi/lib/thumb/v7-m/nofp\libc_nano.a(libc_a-exit.o) (__stdio_exit_handler)
C:/ST/STM32CubeIDE_1.13.1/STM32CubeIDE/plugins/com.st.stm32cube.ide.mcu.externaltools.gnu-tools-for-stm32.11.3.rel1.win32_1.1.0.202305231506/tools/bin/../lib/gcc/arm-none-eabi/11.3.1/../../../../arm-none-eabi/lib/thumb/v7-m/nofp\libc_nano.a(libc_a-fwalk.o)
                              C:/ST/STM32CubeIDE_1.13.1/STM32CubeIDE/plugins/com.st.stm32cube.ide.mcu.externaltools.gnu-tools-for-stm32.11.3.rel1.win32_1.1.0.202305231506/tools/bin/../lib/gcc/arm-none-eabi/11.3.1/../../../../arm-none-eabi/lib/thumb/v7-m/nofp\libc_nano.a(libc_a-findfp.o) (_fwalk_sglue)
C:/ST/STM32CubeIDE_1.13.1/STM32CubeIDE/plugins/com.st.stm32cube.ide.mcu.externaltools.gnu-tools-for-stm32.11.3.rel1.win32_1.1.0.202305231506/tools/bin/../lib/gcc/arm-none-eabi/11.3.1/../../../../arm-none-eabi/lib/thumb/v7-m/nofp\libc_nano.a(libc_a-stdio.o)
                              C:/ST/STM32CubeIDE_1.13.1/STM32CubeIDE/plugins/com.st.stm32cube.ide.mcu.externaltools.gnu-tools-for-stm32.11.3.rel1.win32_1.1.0.202305231506/tools/bin/../lib/gcc/arm-none-eabi/11.3.1/../../../../arm-none-eabi/lib/thumb/v7-m/nofp\libc_nano.a(libc_a-findfp.o) (__sread)
C:/ST/STM32CubeIDE_1.13.1/STM32CubeIDE/plugins/com.st.stm32cube.ide.mcu.externaltools.gnu-tools-for-stm32.11.3.rel1.win32_1.1.0.202305231506/tools/bin/../lib/gcc/arm-none-eabi/11.3.1/../../../../arm-none-eabi/lib/thumb/v7-m/nofp\libc_nano.a(libc_a-vsnprintf.o)
                              ./src/hw/driver/cli.o (vsnprintf)
C:/ST/STM32CubeIDE_1.13.1/STM32CubeIDE/plugins/com.st.stm32cube.ide.mcu.externaltools.gnu-tools-for-stm32.11.3.rel1.win32_1.1.0.202305231506/tools/bin/../lib/gcc/arm-none-eabi/11.3.1/../../../../arm-none-eabi/lib/thumb/v7-m/nofp\libc_nano.a(libc_a-memmove.o)
                              ./src/hw/driver/cli.o (memmove)
C:/ST/STM32CubeIDE_1.13.1/STM32CubeIDE/plugins/com.st.stm32cube.ide.mcu.externaltools.gnu-tools-for-stm32.11.3.rel1.win32_1.1.0.202305231506/tools/bin/../lib/gcc/arm-none-eabi/11.3.1/../../../../arm-none-eabi/lib/thumb/v7-m/nofp\libc_nano.a(libc_a-memset.o)
                              C:/ST/STM32CubeIDE_1.13.1/STM32CubeIDE/plugins/com.st.stm32cube.ide.mcu.externaltools.gnu-tools-for-stm32.11.3.rel1.win32_1.1.0.202305231506/tools/bin/../lib/gcc/arm-none-eabi/11.3.1/../../../../arm-none-eabi/lib/thumb/v7-m/nofp/crt0.o (memset)
C:/ST/STM32CubeIDE_1.13.1/STM32CubeIDE/plugins/com.st.stm32cube.ide.mcu.externaltools.gnu-tools-for-stm32.11.3.rel1.win32_1.1.0.202305231506/tools/bin/../lib/gcc/arm-none-eabi/11.3.1/../../../../arm-none-eabi/lib/thumb/v7-m/nofp\libc_nano.a(libc_a-strncmp.o)
[...]
Memory Configuration

Name             Origin             Length             Attributes
RAM              0x0000000020000000 0x0000000000005000 xrw
FLASH            0x0000000008000000 0x0000000000010000 xr
*default*        0x0000000000000000 0xffffffffffffffff

Linker script and memory map

LOAD C:/ST/STM32CubeIDE_1.13.1/STM32CubeIDE/plugins/com.st.stm32cube.ide.mcu.externaltools.gnu-tools-for-stm32.11.3.rel1.win32_1.1.0.202305231506/tools/bin/../lib/gcc/arm-none-eabi/11.3.1/thumb/v7-m/nofp/crti.o
LOAD C:/ST/STM32CubeIDE_1.13.1/STM32CubeIDE/plugins/com.st.stm32cube.ide.mcu.externaltools.gnu-tools-for-stm32.11.3.rel1.win32_1.1.0.202305231506/tools/bin/../lib/gcc/arm-none-eabi/11.3.1/thumb/v7-m/nofp/crtbegin.o
LOAD C:/ST/STM32CubeIDE_1.13.1/STM32CubeIDE/plugins/com.st.stm32cube.ide.mcu.externaltools.gnu-tools-for-stm32.11.3.rel1.win32_1.1.0.202305231506/tools/bin/../lib/gcc/arm-none-eabi/11.3.1/../../../../arm-none-eabi/lib/thumb/v7-m/nofp/crt0.o
LOAD ./src/ap/ap.o
LOAD ./src/bsp/bsp.o
LOAD ./src/bsp/stm32f1xx_hal_msp.o
LOAD ./src/bsp/stm32f1xx_it.o
LOAD ./src/bsp/syscalls.o
LOAD ./src/bsp/sysmem.o
LOAD ./src/bsp/system_stm32f1xx.o
LOAD ./src/bsp/startup/startup_stm32f103c8tx.o
LOAD ./src/common/core/qbuffer.o
LOAD ./src/hw/driver/cdc.o
LOAD ./src/hw/driver/cli.o
LOAD ./src/hw/driver/flash.o
LOAD ./src/hw/driver/galvano.o
LOAD ./src/hw/driver/gpio.o
LOAD ./src/hw/driver/led.o
LOAD ./src/hw/driver/motor.o
LOAD ./src/hw/driver/reset.o
LOAD ./src/hw/driver/rtc.o
LOAD ./src/hw/driver/spi.o
LOAD ./src/hw/driver/uart.o
LOAD ./src/hw/driver/usb.o
LOAD ./src/hw/driver/motor/motor_uart.o
LOAD ./src/hw/driver/spi/mcp48x2.o
LOAD ./src/hw/hw.o
LOAD ./src/lib/cube_f103/Drivers/STM32F1xx_HAL_Driver/Src/stm32f1xx_hal.o
LOAD ./src/lib/cube_f103/Drivers/STM32F1xx_HAL_Driver/Src/stm32f1xx_hal_cortex.o
LOAD ./src/lib/cube_f103/Drivers/STM32F1xx_HAL_Driver/Src/stm32f1xx_hal_dma.o
LOAD ./src/lib/cube_f103/Drivers/STM32F1xx_HAL_Driver/Src/stm32f1xx_hal_exti.o
LOAD ./src/lib/cube_f103/Drivers/STM32F1xx_HAL_Driver/Src/stm32f1xx_hal_flash.o
LOAD ./src/lib/cube_f103/Drivers/STM32F1xx_HAL_Driver/Src/stm32f1xx_hal_flash_ex.o
LOAD ./src/lib/cube_f103/Drivers/STM32F1xx_HAL_Driver/Src/stm32f1xx_hal_gpio.o
LOAD ./src/lib/cube_f103/Drivers/STM32F1xx_HAL_Driver/Src/stm32f1xx_hal_gpio_ex.o
LOAD ./src/lib/cube_f103/Drivers/STM32F1xx_HAL_Driver/Src/stm32f1xx_hal_pcd.o
LOAD ./src/lib/cube_f103/Drivers/STM32F1xx_HAL_Driver/Src/stm32f1xx_hal_pcd_ex.o
LOAD ./src/lib/cube_f103/Drivers/STM32F1xx_HAL_Driver/Src/stm32f1xx_hal_pwr.o
LOAD ./src/lib/cube_f103/Drivers/STM32F1xx_HAL_Driver/Src/stm32f1xx_hal_rcc.o
LOAD ./src/lib/cube_f103/Drivers/STM32F1xx_HAL_Driver/Src/stm32f1xx_hal_rcc_ex.o
LOAD ./src/lib/cube_f103/Drivers/STM32F1xx_HAL_Driver/Src/stm32f1xx_hal_rtc.o
LOAD ./src/lib/cube_f103/Drivers/STM32F1xx_HAL_Driver/Src/stm32f1xx_hal_rtc_ex.o
LOAD ./src/lib/cube_f103/Drivers/STM32F1xx_HAL_Driver/Src/stm32f1xx_hal_spi.o
LOAD ./src/lib/cube_f103/Drivers/STM32F1xx_HAL_Driver/Src/stm32f1xx_hal_tim.o
LOAD ./src/lib/cube_f103/Drivers/STM32F1xx_HAL_Driver/Src/stm32f1xx_hal_tim_ex.o
LOAD ./src/lib/cube_f103/Drivers/STM32F1xx_HAL_Driver/Src/stm32f1xx_hal_uart.o
LOAD ./src/lib/cube_f103/Drivers/STM32F1xx_HAL_Driver/Src/stm32f1xx_ll_usb.o
LOAD ./src/lib/cube_f103/Middlewares/ST/STM32_USB_Device_Library/Class/CDC/Src/usbd_cdc.o
LOAD ./src/lib/cube_f103/Middlewares/ST/STM32_USB_Device_Library/Core/Src/usbd_core.o
LOAD ./src/lib/cube_f103/Middlewares/ST/STM32_USB_Device_Library/Core/Src/usbd_ctlreq.o
LOAD ./src/lib/cube_f103/Middlewares/ST/STM32_USB_Device_Library/Core/Src/usbd_ioreq.o
LOAD ./src/lib/cube_f103/USB_DEVICE/App/usb_device.o
LOAD ./src/lib/cube_f103/USB_DEVICE/App/usbd_cdc_if.o
LOAD ./src/lib/cube_f103/USB_DEVICE/App/usbd_desc.o
LOAD ./src/lib/cube_f103/USB_DEVICE/Target/usbd_conf.o
LOAD ./src/main.o
START GROUP
LOAD C:/ST/STM32CubeIDE_1.13.1/STM32CubeIDE/plugins/com.st.stm32cube.ide.mcu.externaltools.gnu-tools-for-stm32.11.3.rel1.win32_1.1.0.202305231506/tools/bin/../lib/gcc/arm-none-eabi/11.3.1/../../../../arm-none-eabi/lib/thumb/v7-m/nofp\libc_nano.a
LOAD C:/ST/STM32CubeIDE_1.13.1/STM32CubeIDE/plugins/com.st.stm32cube.ide.mcu.externaltools.gnu-tools-for-stm32.11.3.rel1.win32_1.1.0.202305231506/tools/bin/../lib/gcc/arm-none-eabi/11.3.1/../../../../arm-none-eabi/lib/thumb/v7-m/nofp\libm.a
END GROUP
START GROUP
LOAD C:/ST/STM32CubeIDE_1.13.1/STM32CubeIDE/plugins/com.st.stm32cube.ide.mcu.externaltools.gnu-tools-for-stm32.11.3.rel1.win32_1.1.0.202305231506/tools/bin/../lib/gcc/arm-none-eabi/11.3.1/thumb/v7-m/nofp\libgcc.a
LOAD C:/ST/STM32CubeIDE_1.13.1/STM32CubeIDE/plugins/com.st.stm32cube.ide.mcu.externaltools.gnu-tools-for-stm32.11.3.rel1.win32_1.1.0.202305231506/tools/bin/../lib/gcc/arm-none-eabi/11.3.1/../../../../arm-none-eabi/lib/thumb/v7-m/nofp\libc_nano.a
END GROUP
START GROUP
LOAD C:/ST/STM32CubeIDE_1.13.1/STM32CubeIDE/plugins/com.st.stm32cube.ide.mcu.externaltools.gnu-tools-for-stm32.11.3.rel1.win32_1.1.0.202305231506/tools/bin/../lib/gcc/arm-none-eabi/11.3.1/thumb/v7-m/nofp\libgcc.a
LOAD C:/ST/STM32CubeIDE_1.13.1/STM32CubeIDE/plugins/com.st.stm32cube.ide.mcu.externaltools.gnu-tools-for-stm32.11.3.rel1.win32_1.1.0.202305231506/tools/bin/../lib/gcc/arm-none-eabi/11.3.1/../../../../arm-none-eabi/lib/thumb/v7-m/nofp\libc_nano.a
LOAD C:/ST/STM32CubeIDE_1.13.1/STM32CubeIDE/plugins/com.st.stm32cube.ide.mcu.externaltools.gnu-tools-for-stm32.11.3.rel1.win32_1.1.0.202305231506/tools/bin/../lib/gcc/arm-none-eabi/11.3.1/../../../../arm-none-eabi/lib/thumb/v7-m/nofp\libnosys.a
END GROUP
START GROUP
LOAD C:/ST/STM32CubeIDE_1.13.1/STM32CubeIDE/plugins/com.st.stm32cube.ide.mcu.externaltools.gnu-tools-for-stm32.11.3.rel1.win32_1.1.0.202305231506/tools/bin/../lib/gcc/arm-none-eabi/11.3.1/thumb/v7-m/nofp\libgcc.a
LOAD C:/ST/STM32CubeIDE_1.13.1/STM32CubeIDE/plugins/com.st.stm32cube.ide.mcu.externaltools.gnu-tools-for-stm32.11.3.rel1.win32_1.1.0.202305231506/tools/bin/../lib/gcc/arm-none-eabi/11.3.1/../../../../arm-none-eabi/lib/thumb/v7-m/nofp\libc_nano.a
LOAD C:/ST/STM32CubeIDE_1.13.1/STM32CubeIDE/plugins/com.st.stm32cube.ide.mcu.externaltools.gnu-tools-for-stm32.11.3.rel1.win32_1.1.0.202305231506/tools/bin/../lib/gcc/arm-none-eabi/11.3.1/../../../../arm-none-eabi/lib/thumb/v7-m/nofp\libnosys.a
END GROUP
LOAD C:/ST/STM32CubeIDE_1.13.1/STM32CubeIDE/plugins/com.st.stm32cube.ide.mcu.externaltools.gnu-tools-for-stm32.11.3.rel1.win32_1.1.0.202305231506/tools/bin/../lib/gcc/arm-none-eabi/11.3.1/thumb/v7-m/nofp/crtend.o
LOAD C:/ST/STM32CubeIDE_1.13.1/STM32CubeIDE/plugins/com.st.stm32cube.ide.mcu.externaltools.gnu-tools-for-stm32.11.3.rel1.win32_1.1.0.202305231506/tools/bin/../lib/gcc/arm-none-eabi/11.3.1/thumb/v7-m/nofp/crtn.o
                0x0000000020005000                _estack = (ORIGIN (RAM) + LENGTH (RAM))
                0x0000000000000200                _Min_Heap_Size = 0x200
                0x0000000000000400                _Min_Stack_Size = 0x400

.isr_vector     0x0000000008000000      0x10c
                0x0000000008000000                . = ALIGN (0x4)
 *(.isr_vector)
 .isr_vector    0x0000000008000000      0x10c ./src/bsp/startup/startup_stm32f103c8tx.o
                0x0000000008000000                g_pfnVectors
                0x000000000800010c                . = ALIGN (0x4)

.text           0x0000000008000110     0x91c4
                0x0000000008000110                . = ALIGN (0x4)
 *(.text)
 .text          0x0000000008000110       0x40 C:/ST/STM32CubeIDE_1.13.1/STM32CubeIDE/plugins/com.st.stm32cube.ide.mcu.externaltools.gnu-tools-for-stm32.11.3.rel1.win32_1.1.0.202305231506/tools/bin/../lib/gcc/arm-none-eabi/11.3.1/thumb/v7-m/nofp/crtbegin.o
 .text          0x0000000008000150       0x14 C:/ST/STM32CubeIDE_1.13.1/STM32CubeIDE/plugins/com.st.stm32cube.ide.mcu.externaltools.gnu-tools-for-stm32.11.3.rel1.win32_1.1.0.202305231506/tools/bin/../lib/gcc/arm-none-eabi/11.3.1/../../../../arm-none-eabi/lib/thumb/v7-m/nofp\libc_nano.a(libc_a-strcmp.o)
                0x0000000008000150                strcmp
 .text          0x0000000008000164      0x378 C:/ST/STM32CubeIDE_1.13.1/STM32CubeIDE/plugins/com.st.stm32cube.ide.mcu.externaltools.gnu-tools-for-stm32.11.3.rel1.win32_1.1.0.202305231506/tools/bin/../lib/gcc/arm-none-eabi/11.3.1/thumb/v7-m/nofp\libgcc.a(_arm_addsubdf3.o)
                0x0000000008000164                __aeabi_drsub
                0x000000000800016c                __aeabi_dsub
                0x000000000800016c                __subdf3
                0x0000000008000170                __aeabi_dadd
                0x0000000008000170                __adddf3
                0x00000000080003e8                __floatunsidf
                0x00000000080003e8                __aeabi_ui2d
                0x0000000008000408                __floatsidf
                0x0000000008000408                __aeabi_i2d
                0x000000000800042c                __aeabi_f2d
                0x000000000800042c                __extendsfdf2
                0x0000000008000470                __floatundidf
                0x0000000008000470                __aeabi_ul2d
                0x0000000008000480                __floatdidf
                0x0000000008000480                __aeabi_l2d
 .text          0x00000000080004dc      0x424 C:/ST/STM32CubeIDE_1.13.1/STM32CubeIDE/plugins/com.st.stm32cube.ide.mcu.externaltools.gnu-tools-for-stm32.11.3.rel1.win32_1.1.0.202305231506/tools/bin/../lib/gcc/arm-none-eabi/11.3.1/thumb/v7-m/nofp\libgcc.a(_arm_muldivdf3.o)
                0x00000000080004dc                __aeabi_dmul
                0x00000000080004dc                __muldf3
                0x0000000008000730                __divdf3
                0x0000000008000730                __aeabi_ddiv
 .text          0x0000000008000900      0x110 C:/ST/STM32CubeIDE_1.13.1/STM32CubeIDE/plugins/com.st.stm32cube.ide.mcu.externaltools.gnu-tools-for-stm32.11.3.rel1.win32_1.1.0.202305231506/tools/bin/../lib/gcc/arm-none-eabi/11.3.1/thumb/v7-m/nofp\libgcc.a(_arm_cmpdf2.o)
                0x0000000008000900                __gtdf2
                0x0000000008000900                __gedf2
                0x0000000008000908                __ltdf2
                0x0000000008000908                __ledf2
                0x0000000008000910                __nedf2
                0x0000000008000910                __eqdf2
                0x0000000008000910                __cmpdf2
                0x000000000800098c                __aeabi_cdrcmple
                0x000000000800099c                __aeabi_cdcmpeq
                0x000000000800099c                __aeabi_cdcmple
                0x00000000080009ac                __aeabi_dcmpeq
                0x00000000080009c0                __aeabi_dcmplt
                0x00000000080009d4                __aeabi_dcmple
                0x00000000080009e8                __aeabi_dcmpge
                0x00000000080009fc                __aeabi_dcmpgt
 .text          0x0000000008000a10       0x2c C:/ST/STM32CubeIDE_1.13.1/STM32CubeIDE/plugins/com.st.stm32cube.ide.mcu.externaltools.gnu-tools-for-stm32.11.3.rel1.win32_1.1.0.202305231506/tools/bin/../lib/gcc/arm-none-eabi/11.3.1/thumb/v7-m/nofp\libgcc.a(_arm_unorddf2.o)
                0x0000000008000a10                __unorddf2
                0x0000000008000a10                __aeabi_dcmpun
 .text          0x0000000008000a3c       0x40 C:/ST/STM32CubeIDE_1.13.1/STM32CubeIDE/plugins/com.st.stm32cube.ide.mcu.externaltools.gnu-tools-for-stm32.11.3.rel1.win32_1.1.0.202305231506/tools/bin/../lib/gcc/arm-none-eabi/11.3.1/thumb/v7-m/nofp\libgcc.a(_arm_fixunsdfsi.o)
                0x0000000008000a3c                __aeabi_d2uiz
                0x0000000008000a3c                __fixunsdfsi
 .text          0x0000000008000a7c       0xa0 C:/ST/STM32CubeIDE_1.13.1/STM32CubeIDE/plugins/com.st.stm32cube.ide.mcu.externaltools.gnu-tools-for-stm32.11.3.rel1.win32_1.1.0.202305231506/tools/bin/../lib/gcc/arm-none-eabi/11.3.1/thumb/v7-m/nofp\libgcc.a(_arm_truncdfsf2.o)
                0x0000000008000a7c                __truncdfsf2
                0x0000000008000a7c                __aeabi_d2f
 .text          0x0000000008000b1c       0xec C:/ST/STM32CubeIDE_1.13.1/STM32CubeIDE/plugins/com.st.stm32cube.ide.mcu.externaltools.gnu-tools-for-stm32.11.3.rel1.win32_1.1.0.202305231506/tools/bin/../lib/gcc/arm-none-eabi/11.3.1/thumb/v7-m/nofp\libgcc.a(_arm_cmpsf2.o)
                0x0000000008000b1c                __gesf2
                0x0000000008000b1c                __gtsf2
                0x0000000008000b24                __lesf2
                0x0000000008000b24                __ltsf2
                0x0000000008000b2c                __nesf2
                0x0000000008000b2c                __eqsf2
                0x0000000008000b2c                __cmpsf2
                0x0000000008000b8c                __aeabi_cfrcmple
                0x0000000008000b94                __aeabi_cfcmpeq
                0x0000000008000b94                __aeabi_cfcmple
                0x0000000008000ba4                __aeabi_fcmpeq
                0x0000000008000bb8                __aeabi_fcmplt
                0x0000000008000bcc                __aeabi_fcmple
                0x0000000008000be0                __aeabi_fcmpge
                0x0000000008000bf4                __aeabi_fcmpgt
 .text          0x0000000008000c08       0x2c C:/ST/STM32CubeIDE_1.13.1/STM32CubeIDE/plugins/com.st.stm32cube.ide.mcu.externaltools.gnu-tools-for-stm32.11.3.rel1.win32_1.1.0.202305231506/tools/bin/../lib/gcc/arm-none-eabi/11.3.1/thumb/v7-m/nofp\libgcc.a(_arm_unordsf2.o)
                0x0000000008000c08                __unordsf2
                0x0000000008000c08                __aeabi_fcmpun
 .text          0x0000000008000c34       0x34 C:/ST/STM32CubeIDE_1.13.1/STM32CubeIDE/plugins/com.st.stm32cube.ide.mcu.externaltools.gnu-tools-for-stm32.11.3.rel1.win32_1.1.0.202305231506/tools/bin/../lib/gcc/arm-none-eabi/11.3.1/thumb/v7-m/nofp\libgcc.a(_fixdfdi.o)
                0x0000000008000c34                __fixdfdi
                0x0000000008000c34                __aeabi_d2lz
 .text          0x0000000008000c68       0x3c C:/ST/STM32CubeIDE_1.13.1/STM32CubeIDE/plugins/com.st.stm32cube.ide.mcu.externaltools.gnu-tools-for-stm32.11.3.rel1.win32_1.1.0.202305231506/tools/bin/../lib/gcc/arm-none-eabi/11.3.1/thumb/v7-m/nofp\libgcc.a(_fixunsdfdi.o)
                0x0000000008000c68                __fixunsdfdi
                0x0000000008000c68                __aeabi_d2ulz
 *(.text*)
 .text.apInit   0x0000000008000ca4       0x2c ./src/ap/ap.o
                0x0000000008000ca4                apInit
 .text.apMain   0x0000000008000cd0       0x58 ./src/ap/ap.o
                0x0000000008000cd0                apMain
 .text.delay    0x0000000008000d28        0x4 ./src/bsp/bsp.o
                0x0000000008000d28                delay
 .text.millis   0x0000000008000d2c        0x4 ./src/bsp/bsp.o
                0x0000000008000d2c                millis
 .text.__io_putchar
                0x0000000008000d30       0x16 ./src/bsp/bsp.o
                0x0000000008000d30                __io_putchar
 *fill*         0x0000000008000d46        0x2 
 .text.tim1Init
                0x0000000008000d48       0x6c ./src/bsp/bsp.o
                0x0000000008000d48                tim1Init
 .text.HAL_TIM_Base_MspInit
                0x0000000008000db4       0x28 ./src/bsp/bsp.o
                0x0000000008000db4                HAL_TIM_Base_MspInit
 .text.SystemClock_Config
                0x0000000008000ddc       0x86 ./src/bsp/bsp.o
                0x0000000008000ddc                SystemClock_Config
 *fill*         0x0000000008000e62        0x2 
 .text.bspInit  0x0000000008000e64       0x64 ./src/bsp/bsp.o
                0x0000000008000e64                bspInit
 .text.Error_Handler
                0x0000000008000ec8        0x4 ./src/bsp/bsp.o
                0x0000000008000ec8                Error_Handler
 .text.HAL_MspInit
                0x0000000008000ecc       0x44 ./src/bsp/stm32f1xx_hal_msp.o
                0x0000000008000ecc                HAL_MspInit
 .text.NMI_Handler
                0x0000000008000f10        0x2 ./src/bsp/stm32f1xx_it.o
                0x0000000008000f10                NMI_Handler
 .text.HardFault_Handler
                0x0000000008000f12        0x2 ./src/bsp/stm32f1xx_it.o
                0x0000000008000f12                HardFault_Handler
 .text.MemManage_Handler
                0x0000000008000f14        0x2 ./src/bsp/stm32f1xx_it.o
                0x0000000008000f14                MemManage_Handler
 .text.BusFault_Handler
                0x0000000008000f16        0x2 ./src/bsp/stm32f1xx_it.o
                0x0000000008000f16                BusFault_Handler
 .text.UsageFault_Handler
                0x0000000008000f18        0x2 ./src/bsp/stm32f1xx_it.o
                0x0000000008000f18                UsageFault_Handler
 .text.SVC_Handler
                0x0000000008000f1a        0x2 ./src/bsp/stm32f1xx_it.o
                0x0000000008000f1a                SVC_Handler
 .text.DebugMon_Handler
                0x0000000008000f1c        0x2 ./src/bsp/stm32f1xx_it.o
                0x0000000008000f1c                DebugMon_Handler
 .text.PendSV_Handler
                0x0000000008000f1e        0x2 ./src/bsp/stm32f1xx_it.o
                0x0000000008000f1e                PendSV_Handler
 .text.SysTick_Handler
                0x0000000008000f20        0x4 ./src/bsp/stm32f1xx_it.o
                0x0000000008000f20                SysTick_Handler
 .text.DMA1_Channel3_IRQHandler
                0x0000000008000f24        0xc ./src/bsp/stm32f1xx_it.o
                0x0000000008000f24                DMA1_Channel3_IRQHandler
 .text.DMA1_Channel5_IRQHandler
                0x0000000008000f30        0xc ./src/bsp/stm32f1xx_it.o
                0x0000000008000f30                DMA1_Channel5_IRQHandler
 .text.USB_LP_CAN1_RX0_IRQHandler
                0x0000000008000f3c        0xc ./src/bsp/stm32f1xx_it.o
                0x0000000008000f3c                USB_LP_CAN1_RX0_IRQHandler
 .text.SPI1_IRQHandler
                0x0000000008000f48        0xc ./src/bsp/stm32f1xx_it.o
                0x0000000008000f48                SPI1_IRQHandler
 .text.USART1_IRQHandler
                0x0000000008000f54        0xc ./src/bsp/stm32f1xx_it.o
                0x0000000008000f54                USART1_IRQHandler
 .text._getpid  0x0000000008000f60        0x4 ./src/bsp/syscalls.o
                0x0000000008000f60                _getpid
 .text._kill    0x0000000008000f64       0x10 ./src/bsp/syscalls.o
                0x0000000008000f64                _kill
 .text._exit    0x0000000008000f74        0xc ./src/bsp/syscalls.o
                0x0000000008000f74                _exit
 .text._read    0x0000000008000f80       0x1c ./src/bsp/syscalls.o
                0x0000000008000f80                _read
 .text._write   0x0000000008000f9c       0x1c ./src/bsp/syscalls.o
                0x0000000008000f9c                _write
 .text._close   0x0000000008000fb8        0x6 ./src/bsp/syscalls.o
                0x0000000008000fb8                _close
 .text._fstat   0x0000000008000fbe        0xa ./src/bsp/syscalls.o
                0x0000000008000fbe                _fstat
 .text._isatty  0x0000000008000fc8        0x4 ./src/bsp/syscalls.o
                0x0000000008000fc8                _isatty
 .text._lseek   0x0000000008000fcc        0x4 ./src/bsp/syscalls.o
                0x0000000008000fcc                _lseek
 .text._sbrk    0x0000000008000fd0       0x40 ./src/bsp/sysmem.o
                0x0000000008000fd0                _sbrk
 .text.SystemInit
                0x0000000008001010       0x10 ./src/bsp/system_stm32f1xx.o
                0x0000000008001010                SystemInit
 .text.Reset_Handler
                0x0000000008001020       0x48 ./src/bsp/startup/startup_stm32f103c8tx.o
                0x0000000008001020                Reset_Handler
 .text.Default_Handler
                0x0000000008001068        0x2 ./src/bsp/startup/startup_stm32f103c8tx.o
                0x0000000008001068                RTC_Alarm_IRQHandler
                0x0000000008001068                EXTI2_IRQHandler
                0x0000000008001068                TIM1_CC_IRQHandler
                0x0000000008001068                PVD_IRQHandler
                0x0000000008001068                EXTI3_IRQHandler
                0x0000000008001068                EXTI0_IRQHandler
                0x0000000008001068                I2C2_EV_IRQHandler
                0x0000000008001068                ADC1_2_IRQHandler
                0x0000000008001068                TAMPER_IRQHandler
                0x0000000008001068                DMA1_Channel4_IRQHandler
                0x0000000008001068                USART3_IRQHandler
                0x0000000008001068                RTC_IRQHandler
                0x0000000008001068                DMA1_Channel7_IRQHandler
                0x0000000008001068                CAN1_RX1_IRQHandler
                0x0000000008001068                TIM4_IRQHandler
                0x0000000008001068                I2C1_EV_IRQHandler
                0x0000000008001068                DMA1_Channel6_IRQHandler
                0x0000000008001068                TIM3_IRQHandler
                0x0000000008001068                RCC_IRQHandler
                0x0000000008001068                TIM1_TRG_COM_IRQHandler
                0x0000000008001068                DMA1_Channel1_IRQHandler
                0x0000000008001068                Default_Handler
                0x0000000008001068                EXTI15_10_IRQHandler
                0x0000000008001068                EXTI9_5_IRQHandler
                0x0000000008001068                SPI2_IRQHandler
                0x0000000008001068                EXTI4_IRQHandler
                0x0000000008001068                USB_HP_CAN1_TX_IRQHandler
                0x0000000008001068                TIM1_UP_IRQHandler
                0x0000000008001068                WWDG_IRQHandler
                0x0000000008001068                TIM2_IRQHandler
                0x0000000008001068                TIM1_BRK_IRQHandler
                0x0000000008001068                EXTI1_IRQHandler
                0x0000000008001068                USART2_IRQHandler
                0x0000000008001068                I2C2_ER_IRQHandler
                0x0000000008001068                DMA1_Channel2_IRQHandler
                0x0000000008001068                CAN1_SCE_IRQHandler
                0x0000000008001068                FLASH_IRQHandler
                0x0000000008001068                I2C1_ER_IRQHandler
                0x0000000008001068                USBWakeUp_IRQHandler
 .text.qbufferCreate
                0x000000000800106a        0xe ./src/common/core/qbuffer.o
                0x000000000800106a                qbufferCreate
 .text.qbufferRead
                0x0000000008001078       0x34 ./src/common/core/qbuffer.o
                0x0000000008001078                qbufferRead
 .text.qbufferAvailable
                0x00000000080010ac       0x12 ./src/common/core/qbuffer.o
                0x00000000080010ac                qbufferAvailable
 .text.cliToUpper
                0x00000000080010be       0x26 ./src/hw/driver/cli.o
 .text.cliArgsGetStr
                0x00000000080010e4       0x1c ./src/hw/driver/cli.o
 .text.cliArgsIsStr
                0x0000000008001100       0x2c ./src/hw/driver/cli.o
 .text.cliArgsGetFloat
                0x000000000800112c       0x20 ./src/hw/driver/cli.o
 .text.cliArgsGetData
                0x000000000800114c       0x24 ./src/hw/driver/cli.o
 .text.cliLineChange.constprop.0
                0x0000000008001170       0xa8 ./src/hw/driver/cli.o
 .text.cliOpen  0x0000000008001218       0x14 ./src/hw/driver/cli.o
                0x0000000008001218                cliOpen
 .text.cliShowLog
                0x000000000800122c       0xb8 ./src/hw/driver/cli.o
                0x000000000800122c                cliShowLog
 .text.cliPrintf
                0x00000000080012e4       0x34 ./src/hw/driver/cli.o
                0x00000000080012e4                cliPrintf
 .text.cliShowList
                0x0000000008001318       0x4c ./src/hw/driver/cli.o
                0x0000000008001318                cliShowList
 .text.cliMemoryDump
                0x0000000008001364       0xe0 ./src/hw/driver/cli.o
                0x0000000008001364                cliMemoryDump
 .text.cliMain  0x0000000008001444      0x3d0 ./src/hw/driver/cli.o
                0x0000000008001444                cliMain
 .text.cliKeepLoop
                0x0000000008001814       0x18 ./src/hw/driver/cli.o
                0x0000000008001814                cliKeepLoop
 .text.cliAdd   0x000000000800182c       0x40 ./src/hw/driver/cli.o
                0x000000000800182c                cliAdd
 .text.cliInit  0x000000000800186c       0x6c ./src/hw/driver/cli.o
                0x000000000800186c                cliInit
 .text.gpioPinMode
                0x00000000080018d8       0x58 ./src/hw/driver/gpio.o
                0x00000000080018d8                gpioPinMode
 .text.gpioPinWrite
                0x0000000008001930       0x2c ./src/hw/driver/gpio.o
                0x0000000008001930                gpioPinWrite
 .text.gpioInit
                0x000000000800195c       0x68 ./src/hw/driver/gpio.o
                0x000000000800195c                gpioInit
 .text.gpioPinRead
                0x00000000080019c4       0x28 ./src/hw/driver/gpio.o
                0x00000000080019c4                gpioPinRead
 .text.cliGpio  0x00000000080019ec      0x118 ./src/hw/driver/gpio.o
 .text.ledOff.part.0
                0x0000000008001b04       0x10 ./src/hw/driver/led.o
 .text.ledInit  0x0000000008001b14       0x70 ./src/hw/driver/led.o
                0x0000000008001b14                ledInit
 .text.ledToggle
                0x0000000008001b84       0x14 ./src/hw/driver/led.o
                0x0000000008001b84                ledToggle
 .text.cliLED   0x0000000008001b98       0x9c ./src/hw/driver/led.o
 .text.spiInit  0x0000000008001c34       0x14 ./src/hw/driver/spi.o
                0x0000000008001c34                spiInit
 .text.spiBegin
                0x0000000008001c48       0xa0 ./src/hw/driver/spi.o
                0x0000000008001c48                spiBegin
 .text.HAL_SPI_MspInit
                0x0000000008001ce8       0xfc ./src/hw/driver/spi.o
                0x0000000008001ce8                HAL_SPI_MspInit
 .text.uartInit
                0x0000000008001de4        0x4 ./src/hw/driver/uart.o
                0x0000000008001de4                uartInit
 .text.uartOpen
                0x0000000008001de8       0xb0 ./src/hw/driver/uart.o
                0x0000000008001de8                uartOpen
 .text.uartAvailable
                0x0000000008001e98       0x2c ./src/hw/driver/uart.o
                0x0000000008001e98                uartAvailable
 .text.uartRead
                0x0000000008001ec4       0x34 ./src/hw/driver/uart.o
                0x0000000008001ec4                uartRead
 .text.uartWrite
                0x0000000008001ef8       0x3c ./src/hw/driver/uart.o
                0x0000000008001ef8                uartWrite
 .text.uartPrintf
                0x0000000008001f34       0x2e ./src/hw/driver/uart.o
                0x0000000008001f34                uartPrintf
 .text.HAL_UART_ErrorCallback
                0x0000000008001f62        0x2 ./src/hw/driver/uart.o
                0x0000000008001f62                HAL_UART_ErrorCallback
 .text.HAL_UART_RxCpltCallback
                0x0000000008001f64        0x2 ./src/hw/driver/uart.o
                0x0000000008001f64                HAL_UART_RxCpltCallback
 *fill*         0x0000000008001f66        0x2 
 .text.HAL_UART_MspInit
                0x0000000008001f68       0xb8 ./src/hw/driver/uart.o
                0x0000000008001f68                HAL_UART_MspInit
 .text.HAL_UART_MspDeInit
                0x0000000008002020       0x40 ./src/hw/driver/uart.o
                0x0000000008002020                HAL_UART_MspDeInit
 .text.usbInit  0x0000000008002060       0x30 ./src/hw/driver/usb.o
                0x0000000008002060                usbInit
 .text.hwInit   0x0000000008002090       0x26 ./src/hw/hw.o
                0x0000000008002090                hwInit
 *fill*         0x00000000080020b6        0x2 
 .text.HAL_InitTick
                0x00000000080020b8       0x48 ./src/lib/cube_f103/Drivers/STM32F1xx_HAL_Driver/Src/stm32f1xx_hal.o
                0x00000000080020b8                HAL_InitTick
 .text.HAL_Init
                0x0000000008002100       0x24 ./src/lib/cube_f103/Drivers/STM32F1xx_HAL_Driver/Src/stm32f1xx_hal.o
                0x0000000008002100                HAL_Init
 .text.HAL_IncTick
                0x0000000008002124       0x18 ./src/lib/cube_f103/Drivers/STM32F1xx_HAL_Driver/Src/stm32f1xx_hal.o
                0x0000000008002124                HAL_IncTick
 .text.HAL_GetTick
                0x000000000800213c        0xc ./src/lib/cube_f103/Drivers/STM32F1xx_HAL_Driver/Src/stm32f1xx_hal.o
                0x000000000800213c                HAL_GetTick
 .text.HAL_Delay
                0x0000000008002148       0x24 ./src/lib/cube_f103/Drivers/STM32F1xx_HAL_Driver/Src/stm32f1xx_hal.o
                0x0000000008002148                HAL_Delay
 .text.HAL_NVIC_SetPriorityGrouping
                0x000000000800216c       0x24 ./src/lib/cube_f103/Drivers/STM32F1xx_HAL_Driver/Src/stm32f1xx_hal_cortex.o
                0x000000000800216c                HAL_NVIC_SetPriorityGrouping
 .text.HAL_NVIC_SetPriority
                0x0000000008002190       0x60 ./src/lib/cube_f103/Drivers/STM32F1xx_HAL_Driver/Src/stm32f1xx_hal_cortex.o
                0x0000000008002190                HAL_NVIC_SetPriority
 .text.HAL_NVIC_EnableIRQ
                0x00000000080021f0       0x1c ./src/lib/cube_f103/Drivers/STM32F1xx_HAL_Driver/Src/stm32f1xx_hal_cortex.o
                0x00000000080021f0                HAL_NVIC_EnableIRQ
 .text.HAL_NVIC_DisableIRQ
                0x000000000800220c       0x24 ./src/lib/cube_f103/Drivers/STM32F1xx_HAL_Driver/Src/stm32f1xx_hal_cortex.o
                0x000000000800220c                HAL_NVIC_DisableIRQ
 .text.HAL_SYSTICK_Config
                0x0000000008002230       0x28 ./src/lib/cube_f103/Drivers/STM32F1xx_HAL_Driver/Src/stm32f1xx_hal_cortex.o
                0x0000000008002230                HAL_SYSTICK_Config
 .text.HAL_DMA_Init
                0x0000000008002258       0x64 ./src/lib/cube_f103/Drivers/STM32F1xx_HAL_Driver/Src/stm32f1xx_hal_dma.o
                0x0000000008002258                HAL_DMA_Init
 .text.HAL_DMA_DeInit
                0x00000000080022bc       0x54 ./src/lib/cube_f103/Drivers/STM32F1xx_HAL_Driver/Src/stm32f1xx_hal_dma.o
                0x00000000080022bc                HAL_DMA_DeInit
 .text.HAL_DMA_Start_IT
                0x0000000008002310       0x7e ./src/lib/cube_f103/Drivers/STM32F1xx_HAL_Driver/Src/stm32f1xx_hal_dma.o
                0x0000000008002310                HAL_DMA_Start_IT
 .text.HAL_DMA_Abort
                0x000000000800238e       0x3e ./src/lib/cube_f103/Drivers/STM32F1xx_HAL_Driver/Src/stm32f1xx_hal_dma.o
                0x000000000800238e                HAL_DMA_Abort
 .text.HAL_DMA_Abort_IT
                0x00000000080023cc       0x90 ./src/lib/cube_f103/Drivers/STM32F1xx_HAL_Driver/Src/stm32f1xx_hal_dma.o
                0x00000000080023cc                HAL_DMA_Abort_IT
 .text.HAL_DMA_IRQHandler
                0x000000000800245c      0x128 ./src/lib/cube_f103/Drivers/STM32F1xx_HAL_Driver/Src/stm32f1xx_hal_dma.o
                0x000000000800245c                HAL_DMA_IRQHandler
 .text.HAL_GPIO_Init
                0x0000000008002584      0x1b4 ./src/lib/cube_f103/Drivers/STM32F1xx_HAL_Driver/Src/stm32f1xx_hal_gpio.o
                0x0000000008002584                HAL_GPIO_Init
 .text.HAL_GPIO_DeInit
                0x0000000008002738       0xdc ./src/lib/cube_f103/Drivers/STM32F1xx_HAL_Driver/Src/stm32f1xx_hal_gpio.o
                0x0000000008002738                HAL_GPIO_DeInit
 .text.HAL_GPIO_ReadPin
                0x0000000008002814        0xc ./src/lib/cube_f103/Drivers/STM32F1xx_HAL_Driver/Src/stm32f1xx_hal_gpio.o
                0x0000000008002814                HAL_GPIO_ReadPin
 .text.HAL_GPIO_WritePin
                0x0000000008002820        0xa ./src/lib/cube_f103/Drivers/STM32F1xx_HAL_Driver/Src/stm32f1xx_hal_gpio.o
                0x0000000008002820                HAL_GPIO_WritePin
 .text.HAL_GPIO_TogglePin
                0x000000000800282a       0x12 ./src/lib/cube_f103/Drivers/STM32F1xx_HAL_Driver/Src/stm32f1xx_hal_gpio.o
                0x000000000800282a                HAL_GPIO_TogglePin
 .text.HAL_PCD_Init
                0x000000000800283c       0xf0 ./src/lib/cube_f103/Drivers/STM32F1xx_HAL_Driver/Src/stm32f1xx_hal_pcd.o
                0x000000000800283c                HAL_PCD_Init
 .text.HAL_PCD_Start
                0x000000000800292c       0x32 ./src/lib/cube_f103/Drivers/STM32F1xx_HAL_Driver/Src/stm32f1xx_hal_pcd.o
                0x000000000800292c                HAL_PCD_Start
 .text.HAL_PCD_SetAddress
                0x000000000800295e       0x28 ./src/lib/cube_f103/Drivers/STM32F1xx_HAL_Driver/Src/stm32f1xx_hal_pcd.o
                0x000000000800295e                HAL_PCD_SetAddress
 *fill*         0x0000000008002986        0x2 
 .text.HAL_PCD_IRQHandler
                0x0000000008002988      0x9b4 ./src/lib/cube_f103/Drivers/STM32F1xx_HAL_Driver/Src/stm32f1xx_hal_pcd.o
                0x0000000008002988                HAL_PCD_IRQHandler
 .text.HAL_PCD_EP_Open
                0x000000000800333c       0x60 ./src/lib/cube_f103/Drivers/STM32F1xx_HAL_Driver/Src/stm32f1xx_hal_pcd.o
                0x000000000800333c                HAL_PCD_EP_Open
 .text.HAL_PCD_EP_Close
                0x000000000800339c       0x52 ./src/lib/cube_f103/Drivers/STM32F1xx_HAL_Driver/Src/stm32f1xx_hal_pcd.o
                0x000000000800339c                HAL_PCD_EP_Close
 .text.HAL_PCD_EP_Receive
                0x00000000080033ee       0x2e ./src/lib/cube_f103/Drivers/STM32F1xx_HAL_Driver/Src/stm32f1xx_hal_pcd.o
                0x00000000080033ee                HAL_PCD_EP_Receive
 .text.HAL_PCD_EP_GetRxCount
                0x000000000800341c       0x10 ./src/lib/cube_f103/Drivers/STM32F1xx_HAL_Driver/Src/stm32f1xx_hal_pcd.o
                0x000000000800341c                HAL_PCD_EP_GetRxCount
 .text.HAL_PCD_EP_Transmit
                0x000000000800342c       0x34 ./src/lib/cube_f103/Drivers/STM32F1xx_HAL_Driver/Src/stm32f1xx_hal_pcd.o
                0x000000000800342c                HAL_PCD_EP_Transmit
 .text.HAL_PCD_EP_SetStall
                0x0000000008003460       0x68 ./src/lib/cube_f103/Drivers/STM32F1xx_HAL_Driver/Src/stm32f1xx_hal_pcd.o
                0x0000000008003460                HAL_PCD_EP_SetStall
 .text.HAL_PCD_EP_ClrStall
                0x00000000080034c8       0x64 ./src/lib/cube_f103/Drivers/STM32F1xx_HAL_Driver/Src/stm32f1xx_hal_pcd.o
                0x00000000080034c8                HAL_PCD_EP_ClrStall
 .text.HAL_PCDEx_PMAConfig
                0x000000000800352c       0x32 ./src/lib/cube_f103/Drivers/STM32F1xx_HAL_Driver/Src/stm32f1xx_hal_pcd_ex.o
                0x000000000800352c                HAL_PCDEx_PMAConfig
 *fill*         0x000000000800355e        0x2 
 .text.HAL_RCC_OscConfig
                0x0000000008003560      0x338 ./src/lib/cube_f103/Drivers/STM32F1xx_HAL_Driver/Src/stm32f1xx_hal_rcc.o
                0x0000000008003560                HAL_RCC_OscConfig
 .text.HAL_RCC_GetSysClockFreq
                0x0000000008003898       0x4c ./src/lib/cube_f103/Drivers/STM32F1xx_HAL_Driver/Src/stm32f1xx_hal_rcc.o
                0x0000000008003898                HAL_RCC_GetSysClockFreq
 .text.HAL_RCC_ClockConfig
                0x00000000080038e4      0x138 ./src/lib/cube_f103/Drivers/STM32F1xx_HAL_Driver/Src/stm32f1xx_hal_rcc.o
                0x00000000080038e4                HAL_RCC_ClockConfig
 .text.HAL_RCC_GetPCLK1Freq
                0x0000000008003a1c       0x20 ./src/lib/cube_f103/Drivers/STM32F1xx_HAL_Driver/Src/stm32f1xx_hal_rcc.o
                0x0000000008003a1c                HAL_RCC_GetPCLK1Freq
 .text.HAL_RCC_GetPCLK2Freq
                0x0000000008003a3c       0x20 ./src/lib/cube_f103/Drivers/STM32F1xx_HAL_Driver/Src/stm32f1xx_hal_rcc.o
                0x0000000008003a3c                HAL_RCC_GetPCLK2Freq
 .text.HAL_RCCEx_PeriphCLKConfig
                0x0000000008003a5c       0xf4 ./src/lib/cube_f103/Drivers/STM32F1xx_HAL_Driver/Src/stm32f1xx_hal_rcc_ex.o
                0x0000000008003a5c                HAL_RCCEx_PeriphCLKConfig
 .text.HAL_SPI_Init
                0x0000000008003b50       0xb0 ./src/lib/cube_f103/Drivers/STM32F1xx_HAL_Driver/Src/stm32f1xx_hal_spi.o
                0x0000000008003b50                HAL_SPI_Init
 .text.HAL_SPI_ErrorCallback
                0x0000000008003c00        0x2 ./src/lib/cube_f103/Drivers/STM32F1xx_HAL_Driver/Src/stm32f1xx_hal_spi.o
                0x0000000008003c00                HAL_SPI_ErrorCallback
 *fill*         0x0000000008003c02        0x2 
 .text.HAL_SPI_IRQHandler
                0x0000000008003c04       0xe4 ./src/lib/cube_f103/Drivers/STM32F1xx_HAL_Driver/Src/stm32f1xx_hal_spi.o
                0x0000000008003c04                HAL_SPI_IRQHandler
 .text.SPI_DMAAbortOnError
                0x0000000008003ce8       0x10 ./src/lib/cube_f103/Drivers/STM32F1xx_HAL_Driver/Src/stm32f1xx_hal_spi.o
 .text.HAL_TIM_Base_Start
                0x0000000008003cf8       0x4c ./src/lib/cube_f103/Drivers/STM32F1xx_HAL_Driver/Src/stm32f1xx_hal_tim.o
                0x0000000008003cf8                HAL_TIM_Base_Start
 .text.TIM_Base_SetConfig
                0x0000000008003d44       0x70 ./src/lib/cube_f103/Drivers/STM32F1xx_HAL_Driver/Src/stm32f1xx_hal_tim.o
                0x0000000008003d44                TIM_Base_SetConfig
 .text.HAL_TIM_Base_Init
                0x0000000008003db4       0x58 ./src/lib/cube_f103/Drivers/STM32F1xx_HAL_Driver/Src/stm32f1xx_hal_tim.o
                0x0000000008003db4                HAL_TIM_Base_Init
 .text.TIM_ETR_SetConfig
                0x0000000008003e0c       0x14 ./src/lib/cube_f103/Drivers/STM32F1xx_HAL_Driver/Src/stm32f1xx_hal_tim.o
                0x0000000008003e0c                TIM_ETR_SetConfig
 .text.HAL_TIM_ConfigClockSource
                0x0000000008003e20      0x132 ./src/lib/cube_f103/Drivers/STM32F1xx_HAL_Driver/Src/stm32f1xx_hal_tim.o
                0x0000000008003e20                HAL_TIM_ConfigClockSource
 *fill*         0x0000000008003f52        0x2 
 .text.HAL_TIMEx_MasterConfigSynchronization
                0x0000000008003f54       0x5c ./src/lib/cube_f103/Drivers/STM32F1xx_HAL_Driver/Src/stm32f1xx_hal_tim_ex.o
                0x0000000008003f54                HAL_TIMEx_MasterConfigSynchronization
 .text.UART_EndRxTransfer
                0x0000000008003fb0       0x5c ./src/lib/cube_f103/Drivers/STM32F1xx_HAL_Driver/Src/stm32f1xx_hal_uart.o
 .text.UART_SetConfig
                0x000000000800400c       0x74 ./src/lib/cube_f103/Drivers/STM32F1xx_HAL_Driver/Src/stm32f1xx_hal_uart.o
 .text.UART_WaitOnFlagUntilTimeout.constprop.0
                0x0000000008004080       0x6c ./src/lib/cube_f103/Drivers/STM32F1xx_HAL_Driver/Src/stm32f1xx_hal_uart.o
 .text.HAL_UART_Init
                0x00000000080040ec       0x5e ./src/lib/cube_f103/Drivers/STM32F1xx_HAL_Driver/Src/stm32f1xx_hal_uart.o
                0x00000000080040ec                HAL_UART_Init
 .text.HAL_UART_DeInit
                0x000000000800414a       0x34 ./src/lib/cube_f103/Drivers/STM32F1xx_HAL_Driver/Src/stm32f1xx_hal_uart.o
                0x000000000800414a                HAL_UART_DeInit
 .text.HAL_UART_Transmit
                0x000000000800417e       0x96 ./src/lib/cube_f103/Drivers/STM32F1xx_HAL_Driver/Src/stm32f1xx_hal_uart.o
                0x000000000800417e                HAL_UART_Transmit
 .text.HAL_UART_TxCpltCallback
                0x0000000008004214        0x2 ./src/lib/cube_f103/Drivers/STM32F1xx_HAL_Driver/Src/stm32f1xx_hal_uart.o
                0x0000000008004214                HAL_UART_TxCpltCallback
 .text.HAL_UART_RxHalfCpltCallback
                0x0000000008004216        0x2 ./src/lib/cube_f103/Drivers/STM32F1xx_HAL_Driver/Src/stm32f1xx_hal_uart.o
                0x0000000008004216                HAL_UART_RxHalfCpltCallback
 .text.UART_DMAError
                0x0000000008004218       0x5a ./src/lib/cube_f103/Drivers/STM32F1xx_HAL_Driver/Src/stm32f1xx_hal_uart.o
 .text.UART_DMAAbortOnError
                0x0000000008004272       0x10 ./src/lib/cube_f103/Drivers/STM32F1xx_HAL_Driver/Src/stm32f1xx_hal_uart.o
 .text.HAL_UARTEx_RxEventCallback
                0x0000000008004282        0x2 ./src/lib/cube_f103/Drivers/STM32F1xx_HAL_Driver/Src/stm32f1xx_hal_uart.o
                0x0000000008004282                HAL_UARTEx_RxEventCallback
 .text.UART_DMARxHalfCplt
                0x0000000008004284       0x1e ./src/lib/cube_f103/Drivers/STM32F1xx_HAL_Driver/Src/stm32f1xx_hal_uart.o
 .text.UART_DMAReceiveCplt
                0x00000000080042a2       0x98 ./src/lib/cube_f103/Drivers/STM32F1xx_HAL_Driver/Src/stm32f1xx_hal_uart.o
 .text.UART_Receive_IT.isra.0
                0x000000000800433a       0xb6 ./src/lib/cube_f103/Drivers/STM32F1xx_HAL_Driver/Src/stm32f1xx_hal_uart.o
 .text.HAL_UART_IRQHandler
                0x00000000080043f0      0x294 ./src/lib/cube_f103/Drivers/STM32F1xx_HAL_Driver/Src/stm32f1xx_hal_uart.o
                0x00000000080043f0                HAL_UART_IRQHandler
 .text.UART_Start_Receive_DMA
                0x0000000008004684       0x98 ./src/lib/cube_f103/Drivers/STM32F1xx_HAL_Driver/Src/stm32f1xx_hal_uart.o
                0x0000000008004684                UART_Start_Receive_DMA
 .text.HAL_UART_Receive_DMA
                0x000000000800471c       0x22 ./src/lib/cube_f103/Drivers/STM32F1xx_HAL_Driver/Src/stm32f1xx_hal_uart.o
                0x000000000800471c                HAL_UART_Receive_DMA
 .text.USB_CoreInit
                0x000000000800473e        0xe ./src/lib/cube_f103/Drivers/STM32F1xx_HAL_Driver/Src/stm32f1xx_ll_usb.o
                0x000000000800473e                USB_CoreInit
 .text.USB_EnableGlobalInt
                0x000000000800474c       0x12 ./src/lib/cube_f103/Drivers/STM32F1xx_HAL_Driver/Src/stm32f1xx_ll_usb.o
                0x000000000800474c                USB_EnableGlobalInt
 .text.USB_DisableGlobalInt
                0x000000000800475e       0x14 ./src/lib/cube_f103/Drivers/STM32F1xx_HAL_Driver/Src/stm32f1xx_ll_usb.o
                0x000000000800475e                USB_DisableGlobalInt
 .text.USB_SetCurrentMode
                0x0000000008004772        0x4 ./src/lib/cube_f103/Drivers/STM32F1xx_HAL_Driver/Src/stm32f1xx_ll_usb.o
                0x0000000008004772                USB_SetCurrentMode
 .text.USB_DevInit
                0x0000000008004776       0x28 ./src/lib/cube_f103/Drivers/STM32F1xx_HAL_Driver/Src/stm32f1xx_ll_usb.o
                0x0000000008004776                USB_DevInit
 *fill*         0x000000000800479e        0x2 
 .text.USB_ActivateEndpoint
                0x00000000080047a0      0x2c0 ./src/lib/cube_f103/Drivers/STM32F1xx_HAL_Driver/Src/stm32f1xx_ll_usb.o
                0x00000000080047a0                USB_ActivateEndpoint
 .text.USB_DeactivateEndpoint
                0x0000000008004a60      0x1a6 ./src/lib/cube_f103/Drivers/STM32F1xx_HAL_Driver/Src/stm32f1xx_ll_usb.o
                0x0000000008004a60                USB_DeactivateEndpoint
 .text.USB_EPSetStall
                0x0000000008004c06       0x40 ./src/lib/cube_f103/Drivers/STM32F1xx_HAL_Driver/Src/stm32f1xx_ll_usb.o
                0x0000000008004c06                USB_EPSetStall
 .text.USB_EPClearStall
                0x0000000008004c46       0x92 ./src/lib/cube_f103/Drivers/STM32F1xx_HAL_Driver/Src/stm32f1xx_ll_usb.o
                0x0000000008004c46                USB_EPClearStall
 .text.USB_SetDevAddress
                0x0000000008004cd8        0xc ./src/lib/cube_f103/Drivers/STM32F1xx_HAL_Driver/Src/stm32f1xx_ll_usb.o
                0x0000000008004cd8                USB_SetDevAddress
 .text.USB_DevConnect
                0x0000000008004ce4        0x4 ./src/lib/cube_f103/Drivers/STM32F1xx_HAL_Driver/Src/stm32f1xx_ll_usb.o
                0x0000000008004ce4                USB_DevConnect
 .text.USB_DevDisconnect
                0x0000000008004ce8        0x4 ./src/lib/cube_f103/Drivers/STM32F1xx_HAL_Driver/Src/stm32f1xx_ll_usb.o
                0x0000000008004ce8                USB_DevDisconnect
 .text.USB_ReadInterrupts
                0x0000000008004cec        0x8 ./src/lib/cube_f103/Drivers/STM32F1xx_HAL_Driver/Src/stm32f1xx_ll_usb.o
                0x0000000008004cec                USB_ReadInterrupts
 .text.USB_EP0_OutStart
                0x0000000008004cf4        0x4 ./src/lib/cube_f103/Drivers/STM32F1xx_HAL_Driver/Src/stm32f1xx_ll_usb.o
                0x0000000008004cf4                USB_EP0_OutStart
 .text.USB_WritePMA
                0x0000000008004cf8       0x20 ./src/lib/cube_f103/Drivers/STM32F1xx_HAL_Driver/Src/stm32f1xx_ll_usb.o
                0x0000000008004cf8                USB_WritePMA
 .text.USB_EPStartXfer
                0x0000000008004d18      0x430 ./src/lib/cube_f103/Drivers/STM32F1xx_HAL_Driver/Src/stm32f1xx_ll_usb.o
                0x0000000008004d18                USB_EPStartXfer
 .text.USB_ReadPMA
                0x0000000008005148       0x38 ./src/lib/cube_f103/Drivers/STM32F1xx_HAL_Driver/Src/stm32f1xx_ll_usb.o
                0x0000000008005148                USB_ReadPMA
 .text.USBD_CDC_EP0_RxReady
                0x0000000008005180       0x28 ./src/lib/cube_f103/Middlewares/ST/STM32_USB_Device_Library/Class/CDC/Src/usbd_cdc.o
 .text.USBD_CDC_GetFSCfgDesc
                0x00000000080051a8        0xc ./src/lib/cube_f103/Middlewares/ST/STM32_USB_Device_Library/Class/CDC/Src/usbd_cdc.o
 .text.USBD_CDC_GetHSCfgDesc
                0x00000000080051b4        0xc ./src/lib/cube_f103/Middlewares/ST/STM32_USB_Device_Library/Class/CDC/Src/usbd_cdc.o
 .text.USBD_CDC_GetOtherSpeedCfgDesc
                0x00000000080051c0        0xc ./src/lib/cube_f103/Middlewares/ST/STM32_USB_Device_Library/Class/CDC/Src/usbd_cdc.o
 .text.USBD_CDC_GetDeviceQualifierDescriptor
                0x00000000080051cc        0xc ./src/lib/cube_f103/Middlewares/ST/STM32_USB_Device_Library/Class/CDC/Src/usbd_cdc.o
                0x00000000080051cc                USBD_CDC_GetDeviceQualifierDescriptor
 .text.USBD_CDC_DataOut
                0x00000000080051d8       0x2e ./src/lib/cube_f103/Middlewares/ST/STM32_USB_Device_Library/Class/CDC/Src/usbd_cdc.o
 .text.USBD_CDC_DataIn
                0x0000000008005206       0x42 ./src/lib/cube_f103/Middlewares/ST/STM32_USB_Device_Library/Class/CDC/Src/usbd_cdc.o
 .text.USBD_CDC_Setup
                0x0000000008005248       0xb6 ./src/lib/cube_f103/Middlewares/ST/STM32_USB_Device_Library/Class/CDC/Src/usbd_cdc.o
 .text.USBD_CDC_DeInit
                0x00000000080052fe       0x42 ./src/lib/cube_f103/Middlewares/ST/STM32_USB_Device_Library/Class/CDC/Src/usbd_cdc.o
 .text.USBD_CDC_Init
                0x0000000008005340       0xa0 ./src/lib/cube_f103/Middlewares/ST/STM32_USB_Device_Library/Class/CDC/Src/usbd_cdc.o
 .text.USBD_CDC_RegisterInterface
                0x00000000080053e0        0xe ./src/lib/cube_f103/Middlewares/ST/STM32_USB_Device_Library/Class/CDC/Src/usbd_cdc.o
                0x00000000080053e0                USBD_CDC_RegisterInterface
 .text.USBD_CDC_SetTxBuffer
                0x00000000080053ee       0x10 ./src/lib/cube_f103/Middlewares/ST/STM32_USB_Device_Library/Class/CDC/Src/usbd_cdc.o
                0x00000000080053ee                USBD_CDC_SetTxBuffer
 .text.USBD_CDC_SetRxBuffer
                0x00000000080053fe        0xc ./src/lib/cube_f103/Middlewares/ST/STM32_USB_Device_Library/Class/CDC/Src/usbd_cdc.o
                0x00000000080053fe                USBD_CDC_SetRxBuffer
 .text.USBD_CDC_TransmitPacket
                0x000000000800540a       0x32 ./src/lib/cube_f103/Middlewares/ST/STM32_USB_Device_Library/Class/CDC/Src/usbd_cdc.o
                0x000000000800540a                USBD_CDC_TransmitPacket
 .text.USBD_CDC_ReceivePacket
                0x000000000800543c       0x2e ./src/lib/cube_f103/Middlewares/ST/STM32_USB_Device_Library/Class/CDC/Src/usbd_cdc.o
                0x000000000800543c                USBD_CDC_ReceivePacket
 .text.USBD_Init
                0x000000000800546a       0x2a ./src/lib/cube_f103/Middlewares/ST/STM32_USB_Device_Library/Core/Src/usbd_core.o
                0x000000000800546a                USBD_Init
 .text.USBD_RegisterClass
                0x0000000008005494        0xe ./src/lib/cube_f103/Middlewares/ST/STM32_USB_Device_Library/Core/Src/usbd_core.o
                0x0000000008005494                USBD_RegisterClass
 .text.USBD_Start
                0x00000000080054a2        0xa ./src/lib/cube_f103/Middlewares/ST/STM32_USB_Device_Library/Core/Src/usbd_core.o
                0x00000000080054a2                USBD_Start
 .text.USBD_SetClassConfig
                0x00000000080054ac       0x1a ./src/lib/cube_f103/Middlewares/ST/STM32_USB_Device_Library/Core/Src/usbd_core.o
                0x00000000080054ac                USBD_SetClassConfig
 .text.USBD_ClrClassConfig
                0x00000000080054c6        0xe ./src/lib/cube_f103/Middlewares/ST/STM32_USB_Device_Library/Core/Src/usbd_core.o
                0x00000000080054c6                USBD_ClrClassConfig
 .text.USBD_LL_SetupStage
                0x00000000080054d4       0x5a ./src/lib/cube_f103/Middlewares/ST/STM32_USB_Device_Library/Core/Src/usbd_core.o
                0x00000000080054d4                USBD_LL_SetupStage
 .text.USBD_LL_DataOutStage
                0x000000000800552e       0x74 ./src/lib/cube_f103/Middlewares/ST/STM32_USB_Device_Library/Core/Src/usbd_core.o
                0x000000000800552e                USBD_LL_DataOutStage
 .text.USBD_LL_DataInStage
                0x00000000080055a2       0xb6 ./src/lib/cube_f103/Middlewares/ST/STM32_USB_Device_Library/Core/Src/usbd_core.o
                0x00000000080055a2                USBD_LL_DataInStage
 .text.USBD_LL_Reset
                0x0000000008005658       0x4e ./src/lib/cube_f103/Middlewares/ST/STM32_USB_Device_Library/Core/Src/usbd_core.o
                0x0000000008005658                USBD_LL_Reset
 .text.USBD_LL_SetSpeed
                0x00000000080056a6        0x6 ./src/lib/cube_f103/Middlewares/ST/STM32_USB_Device_Library/Core/Src/usbd_core.o
                0x00000000080056a6                USBD_LL_SetSpeed
 .text.USBD_LL_Suspend
                0x00000000080056ac       0x12 ./src/lib/cube_f103/Middlewares/ST/STM32_USB_Device_Library/Core/Src/usbd_core.o
                0x00000000080056ac                USBD_LL_Suspend
 .text.USBD_LL_Resume
                0x00000000080056be       0x14 ./src/lib/cube_f103/Middlewares/ST/STM32_USB_Device_Library/Core/Src/usbd_core.o
                0x00000000080056be                USBD_LL_Resume
 .text.USBD_LL_SOF
                0x00000000080056d2       0x18 ./src/lib/cube_f103/Middlewares/ST/STM32_USB_Device_Library/Core/Src/usbd_core.o
                0x00000000080056d2                USBD_LL_SOF
 .text.USBD_CtlError.constprop.0
                0x00000000080056ea       0x16 ./src/lib/cube_f103/Middlewares/ST/STM32_USB_Device_Library/Core/Src/usbd_ctlreq.o
 .text.USBD_StdDevReq
                0x0000000008005700      0x250 ./src/lib/cube_f103/Middlewares/ST/STM32_USB_Device_Library/Core/Src/usbd_ctlreq.o
                0x0000000008005700                USBD_StdDevReq
 .text.USBD_StdItfReq
                0x0000000008005950       0x48 ./src/lib/cube_f103/Middlewares/ST/STM32_USB_Device_Library/Core/Src/usbd_ctlreq.o
                0x0000000008005950                USBD_StdItfReq
 .text.USBD_StdEPReq
                0x0000000008005998      0x110 ./src/lib/cube_f103/Middlewares/ST/STM32_USB_Device_Library/Core/Src/usbd_ctlreq.o
                0x0000000008005998                USBD_StdEPReq
 .text.USBD_ParseSetupRequest
                0x0000000008005aa8       0x28 ./src/lib/cube_f103/Middlewares/ST/STM32_USB_Device_Library/Core/Src/usbd_ctlreq.o
                0x0000000008005aa8                USBD_ParseSetupRequest
 .text.USBD_CtlError
                0x0000000008005ad0       0x16 ./src/lib/cube_f103/Middlewares/ST/STM32_USB_Device_Library/Core/Src/usbd_ctlreq.o
                0x0000000008005ad0                USBD_CtlError
 .text.USBD_GetString
                0x0000000008005ae6       0x38 ./src/lib/cube_f103/Middlewares/ST/STM32_USB_Device_Library/Core/Src/usbd_ctlreq.o
                0x0000000008005ae6                USBD_GetString
 .text.USBD_CtlSendData
                0x0000000008005b1e       0x1a ./src/lib/cube_f103/Middlewares/ST/STM32_USB_Device_Library/Core/Src/usbd_ioreq.o
                0x0000000008005b1e                USBD_CtlSendData
 .text.USBD_CtlContinueSendData
                0x0000000008005b38       0x10 ./src/lib/cube_f103/Middlewares/ST/STM32_USB_Device_Library/Core/Src/usbd_ioreq.o
                0x0000000008005b38                USBD_CtlContinueSendData
 .text.USBD_CtlPrepareRx
                0x0000000008005b48       0x1a ./src/lib/cube_f103/Middlewares/ST/STM32_USB_Device_Library/Core/Src/usbd_ioreq.o
                0x0000000008005b48                USBD_CtlPrepareRx
 .text.USBD_CtlContinueRx
                0x0000000008005b62       0x10 ./src/lib/cube_f103/Middlewares/ST/STM32_USB_Device_Library/Core/Src/usbd_ioreq.o
                0x0000000008005b62                USBD_CtlContinueRx
 .text.USBD_CtlSendStatus
                0x0000000008005b72       0x16 ./src/lib/cube_f103/Middlewares/ST/STM32_USB_Device_Library/Core/Src/usbd_ioreq.o
                0x0000000008005b72                USBD_CtlSendStatus
 .text.USBD_CtlReceiveStatus
                0x0000000008005b88       0x16 ./src/lib/cube_f103/Middlewares/ST/STM32_USB_Device_Library/Core/Src/usbd_ioreq.o
                0x0000000008005b88                USBD_CtlReceiveStatus
 *fill*         0x0000000008005b9e        0x2 
 .text.MX_USB_DEVICE_Init
                0x0000000008005ba0       0x50 ./src/lib/cube_f103/USB_DEVICE/App/usb_device.o
                0x0000000008005ba0                MX_USB_DEVICE_Init
 .text.CDC_DeInit_FS
                0x0000000008005bf0        0x4 ./src/lib/cube_f103/USB_DEVICE/App/usbd_cdc_if.o
 .text.CDC_Control_FS
                0x0000000008005bf4       0x60 ./src/lib/cube_f103/USB_DEVICE/App/usbd_cdc_if.o
 .text.CDC_Init_FS
                0x0000000008005c54       0x28 ./src/lib/cube_f103/USB_DEVICE/App/usbd_cdc_if.o
 .text.cdcAvailable
                0x0000000008005c7c       0x24 ./src/lib/cube_f103/USB_DEVICE/App/usbd_cdc_if.o
                0x0000000008005c7c                cdcAvailable
 .text.cdcDataIn
                0x0000000008005ca0       0x34 ./src/lib/cube_f103/USB_DEVICE/App/usbd_cdc_if.o
                0x0000000008005ca0                cdcDataIn
 .text.CDC_Receive_FS
                0x0000000008005cd4       0x50 ./src/lib/cube_f103/USB_DEVICE/App/usbd_cdc_if.o
 .text.cdcRead  0x0000000008005d24       0x34 ./src/lib/cube_f103/USB_DEVICE/App/usbd_cdc_if.o
                0x0000000008005d24                cdcRead
 .text.CDC_Transmit_FS
                0x0000000008005d58       0x2c ./src/lib/cube_f103/USB_DEVICE/App/usbd_cdc_if.o
                0x0000000008005d58                CDC_Transmit_FS
 .text.cdcWrite
                0x0000000008005d84       0x2e ./src/lib/cube_f103/USB_DEVICE/App/usbd_cdc_if.o
                0x0000000008005d84                cdcWrite
 *fill*         0x0000000008005db2        0x2 
 .text.USBD_FS_DeviceDescriptor
                0x0000000008005db4        0xc ./src/lib/cube_f103/USB_DEVICE/App/usbd_desc.o
                0x0000000008005db4                USBD_FS_DeviceDescriptor
 .text.USBD_FS_LangIDStrDescriptor
                0x0000000008005dc0        0xc ./src/lib/cube_f103/USB_DEVICE/App/usbd_desc.o
                0x0000000008005dc0                USBD_FS_LangIDStrDescriptor
 .text.IntToUnicode
                0x0000000008005dcc       0x2a ./src/lib/cube_f103/USB_DEVICE/App/usbd_desc.o
 *fill*         0x0000000008005df6        0x2 
 .text.USBD_FS_SerialStrDescriptor
                0x0000000008005df8       0x3c ./src/lib/cube_f103/USB_DEVICE/App/usbd_desc.o
                0x0000000008005df8                USBD_FS_SerialStrDescriptor
 .text.USBD_FS_ManufacturerStrDescriptor
                0x0000000008005e34       0x1c ./src/lib/cube_f103/USB_DEVICE/App/usbd_desc.o
                0x0000000008005e34                USBD_FS_ManufacturerStrDescriptor
 .text.USBD_FS_ProductStrDescriptor
                0x0000000008005e50       0x1c ./src/lib/cube_f103/USB_DEVICE/App/usbd_desc.o
                0x0000000008005e50                USBD_FS_ProductStrDescriptor
 .text.USBD_FS_ConfigStrDescriptor
                0x0000000008005e6c       0x1c ./src/lib/cube_f103/USB_DEVICE/App/usbd_desc.o
                0x0000000008005e6c                USBD_FS_ConfigStrDescriptor
 .text.USBD_FS_InterfaceStrDescriptor
                0x0000000008005e88       0x1c ./src/lib/cube_f103/USB_DEVICE/App/usbd_desc.o
                0x0000000008005e88                USBD_FS_InterfaceStrDescriptor
 .text.USBD_Get_USB_Status
                0x0000000008005ea4       0x10 ./src/lib/cube_f103/USB_DEVICE/Target/usbd_conf.o
 .text.HAL_PCD_MspInit
                0x0000000008005eb4       0x40 ./src/lib/cube_f103/USB_DEVICE/Target/usbd_conf.o
                0x0000000008005eb4                HAL_PCD_MspInit
 .text.HAL_PCD_SetupStageCallback
                0x0000000008005ef4        0xc ./src/lib/cube_f103/USB_DEVICE/Target/usbd_conf.o
                0x0000000008005ef4                HAL_PCD_SetupStageCallback
 .text.HAL_PCD_DataOutStageCallback
                0x0000000008005f00       0x12 ./src/lib/cube_f103/USB_DEVICE/Target/usbd_conf.o
                0x0000000008005f00                HAL_PCD_DataOutStageCallback
 .text.HAL_PCD_DataInStageCallback
                0x0000000008005f12       0x10 ./src/lib/cube_f103/USB_DEVICE/Target/usbd_conf.o
                0x0000000008005f12                HAL_PCD_DataInStageCallback
 .text.HAL_PCD_SOFCallback
                0x0000000008005f22        0x8 ./src/lib/cube_f103/USB_DEVICE/Target/usbd_conf.o
                0x0000000008005f22                HAL_PCD_SOFCallback
 .text.HAL_PCD_ResetCallback
                0x0000000008005f2a       0x24 ./src/lib/cube_f103/USB_DEVICE/Target/usbd_conf.o
                0x0000000008005f2a                HAL_PCD_ResetCallback
 *fill*         0x0000000008005f4e        0x2 
 .text.HAL_PCD_SuspendCallback
                0x0000000008005f50       0x20 ./src/lib/cube_f103/USB_DEVICE/Target/usbd_conf.o
                0x0000000008005f50                HAL_PCD_SuspendCallback
 .text.HAL_PCD_ResumeCallback
                0x0000000008005f70        0x8 ./src/lib/cube_f103/USB_DEVICE/Target/usbd_conf.o
                0x0000000008005f70                HAL_PCD_ResumeCallback
 .text.USBD_LL_Init
                0x0000000008005f78       0x84 ./src/lib/cube_f103/USB_DEVICE/Target/usbd_conf.o
                0x0000000008005f78                USBD_LL_Init
 .text.USBD_LL_Start
                0x0000000008005ffc       0x12 ./src/lib/cube_f103/USB_DEVICE/Target/usbd_conf.o
                0x0000000008005ffc                USBD_LL_Start
 .text.USBD_LL_OpenEP
                0x000000000800600e       0x18 ./src/lib/cube_f103/USB_DEVICE/Target/usbd_conf.o
                0x000000000800600e                USBD_LL_OpenEP
 .text.USBD_LL_CloseEP
                0x0000000008006026       0x12 ./src/lib/cube_f103/USB_DEVICE/Target/usbd_conf.o
                0x0000000008006026                USBD_LL_CloseEP
 .text.USBD_LL_StallEP
                0x0000000008006038       0x12 ./src/lib/cube_f103/USB_DEVICE/Target/usbd_conf.o
                0x0000000008006038                USBD_LL_StallEP
 .text.USBD_LL_ClearStallEP
                0x000000000800604a       0x12 ./src/lib/cube_f103/USB_DEVICE/Target/usbd_conf.o
                0x000000000800604a                USBD_LL_ClearStallEP
 .text.USBD_LL_IsStallEP
                0x000000000800605c       0x24 ./src/lib/cube_f103/USB_DEVICE/Target/usbd_conf.o
                0x000000000800605c                USBD_LL_IsStallEP
 .text.USBD_LL_SetUSBAddress
                0x0000000008006080       0x12 ./src/lib/cube_f103/USB_DEVICE/Target/usbd_conf.o
                0x0000000008006080                USBD_LL_SetUSBAddress
 .text.USBD_LL_Transmit
                0x0000000008006092       0x12 ./src/lib/cube_f103/USB_DEVICE/Target/usbd_conf.o
                0x0000000008006092                USBD_LL_Transmit
 .text.USBD_LL_PrepareReceive
                0x00000000080060a4       0x12 ./src/lib/cube_f103/USB_DEVICE/Target/usbd_conf.o
                0x00000000080060a4                USBD_LL_PrepareReceive
 .text.USBD_LL_GetRxDataSize
                0x00000000080060b6        0x8 ./src/lib/cube_f103/USB_DEVICE/Target/usbd_conf.o
                0x00000000080060b6                USBD_LL_GetRxDataSize
 *fill*         0x00000000080060be        0x2 
 .text.USBD_static_malloc
                0x00000000080060c0        0x8 ./src/lib/cube_f103/USB_DEVICE/Target/usbd_conf.o
                0x00000000080060c0                USBD_static_malloc
 .text.USBD_static_free
                0x00000000080060c8        0x2 ./src/lib/cube_f103/USB_DEVICE/Target/usbd_conf.o
                0x00000000080060c8                USBD_static_free
 .text.HAL_PCDEx_SetConnectionState
                0x00000000080060ca        0x2 ./src/lib/cube_f103/USB_DEVICE/Target/usbd_conf.o
                0x00000000080060ca                HAL_PCDEx_SetConnectionState
 .text.startup.main
                0x00000000080060cc       0x12 ./src/main.o
                0x00000000080060cc                main
 .text.sulp     0x00000000080060de       0x42 C:/ST/STM32CubeIDE_1.13.1/STM32CubeIDE/plugins/com.st.stm32cube.ide.mcu.externaltools.gnu-tools-for-stm32.11.3.rel1.win32_1.1.0.202305231506/tools/bin/../lib/gcc/arm-none-eabi/11.3.1/../../../../arm-none-eabi/lib/thumb/v7-m/nofp\libc_nano.a(libc_a-strtod.o)
 .text._strtod_l
                0x0000000008006120      0xbe8 C:/ST/STM32CubeIDE_1.13.1/STM32CubeIDE/plugins/com.st.stm32cube.ide.mcu.externaltools.gnu-tools-for-stm32.11.3.rel1.win32_1.1.0.202305231506/tools/bin/../lib/gcc/arm-none-eabi/11.3.1/../../../../arm-none-eabi/lib/thumb/v7-m/nofp\libc_nano.a(libc_a-strtod.o)
                0x0000000008006120                _strtod_l
 .text.strtof   0x0000000008006d08       0xb0 C:/ST/STM32CubeIDE_1.13.1/STM32CubeIDE/plugins/com.st.stm32cube.ide.mcu.externaltools.gnu-tools-for-stm32.11.3.rel1.win32_1.1.0.202305231506/tools/bin/../lib/gcc/arm-none-eabi/11.3.1/../../../../arm-none-eabi/lib/thumb/v7-m/nofp\libc_nano.a(libc_a-strtod.o)
                0x0000000008006d08                strtof
 .text._strtoul_l.constprop.0
                0x0000000008006db8       0xe4 C:/ST/STM32CubeIDE_1.13.1/STM32CubeIDE/plugins/com.st.stm32cube.ide.mcu.externaltools.gnu-tools-for-stm32.11.3.rel1.win32_1.1.0.202305231506/tools/bin/../lib/gcc/arm-none-eabi/11.3.1/../../../../arm-none-eabi/lib/thumb/v7-m/nofp\libc_nano.a(libc_a-strtoul.o)
 .text.strtoul  0x0000000008006e9c       0x14 C:/ST/STM32CubeIDE_1.13.1/STM32CubeIDE/plugins/com.st.stm32cube.ide.mcu.externaltools.gnu-tools-for-stm32.11.3.rel1.win32_1.1.0.202305231506/tools/bin/../lib/gcc/arm-none-eabi/11.3.1/../../../../arm-none-eabi/lib/thumb/v7-m/nofp\libc_nano.a(libc_a-strtoul.o)
                0x0000000008006e9c                strtoul
 .text.std      0x0000000008006eb0       0x48 C:/ST/STM32CubeIDE_1.13.1/STM32CubeIDE/plugins/com.st.stm32cube.ide.mcu.externaltools.gnu-tools-for-stm32.11.3.rel1.win32_1.1.0.202305231506/tools/bin/../lib/gcc/arm-none-eabi/11.3.1/../../../../arm-none-eabi/lib/thumb/v7-m/nofp\libc_nano.a(libc_a-findfp.o)
 .text.stdio_exit_handler
                0x0000000008006ef8       0x18 C:/ST/STM32CubeIDE_1.13.1/STM32CubeIDE/plugins/com.st.stm32cube.ide.mcu.externaltools.gnu-tools-for-stm32.11.3.rel1.win32_1.1.0.202305231506/tools/bin/../lib/gcc/arm-none-eabi/11.3.1/../../../../arm-none-eabi/lib/thumb/v7-m/nofp\libc_nano.a(libc_a-findfp.o)
 .text.cleanup_stdio
                0x0000000008006f10       0x40 C:/ST/STM32CubeIDE_1.13.1/STM32CubeIDE/plugins/com.st.stm32cube.ide.mcu.externaltools.gnu-tools-for-stm32.11.3.rel1.win32_1.1.0.202305231506/tools/bin/../lib/gcc/arm-none-eabi/11.3.1/../../../../arm-none-eabi/lib/thumb/v7-m/nofp\libc_nano.a(libc_a-findfp.o)
 .text.global_stdio_init.part.0
                0x0000000008006f50       0x3c C:/ST/STM32CubeIDE_1.13.1/STM32CubeIDE/plugins/com.st.stm32cube.ide.mcu.externaltools.gnu-tools-for-stm32.11.3.rel1.win32_1.1.0.202305231506/tools/bin/../lib/gcc/arm-none-eabi/11.3.1/../../../../arm-none-eabi/lib/thumb/v7-m/nofp\libc_nano.a(libc_a-findfp.o)
 .text.__sfp_lock_acquire
                0x0000000008006f8c        0xc C:/ST/STM32CubeIDE_1.13.1/STM32CubeIDE/plugins/com.st.stm32cube.ide.mcu.externaltools.gnu-tools-for-stm32.11.3.rel1.win32_1.1.0.202305231506/tools/bin/../lib/gcc/arm-none-eabi/11.3.1/../../../../arm-none-eabi/lib/thumb/v7-m/nofp\libc_nano.a(libc_a-findfp.o)
                0x0000000008006f8c                __sfp_lock_acquire
 .text.__sfp_lock_release
                0x0000000008006f98        0xc C:/ST/STM32CubeIDE_1.13.1/STM32CubeIDE/plugins/com.st.stm32cube.ide.mcu.externaltools.gnu-tools-for-stm32.11.3.rel1.win32_1.1.0.202305231506/tools/bin/../lib/gcc/arm-none-eabi/11.3.1/../../../../arm-none-eabi/lib/thumb/v7-m/nofp\libc_nano.a(libc_a-findfp.o)
                0x0000000008006f98                __sfp_lock_release
 .text.__sinit  0x0000000008006fa4       0x30 C:/ST/STM32CubeIDE_1.13.1/STM32CubeIDE/plugins/com.st.stm32cube.ide.mcu.externaltools.gnu-tools-for-stm32.11.3.rel1.win32_1.1.0.202305231506/tools/bin/../lib/gcc/arm-none-eabi/11.3.1/../../../../arm-none-eabi/lib/thumb/v7-m/nofp\libc_nano.a(libc_a-findfp.o)
                0x0000000008006fa4                __sinit
 .text._fwalk_sglue
                0x0000000008006fd4       0x3c C:/ST/STM32CubeIDE_1.13.1/STM32CubeIDE/plugins/com.st.stm32cube.ide.mcu.externaltools.gnu-tools-for-stm32.11.3.rel1.win32_1.1.0.202305231506/tools/bin/../lib/gcc/arm-none-eabi/11.3.1/../../../../arm-none-eabi/lib/thumb/v7-m/nofp\libc_nano.a(libc_a-fwalk.o)
                0x0000000008006fd4                _fwalk_sglue
 .text.__sread  0x0000000008007010       0x22 C:/ST/STM32CubeIDE_1.13.1/STM32CubeIDE/plugins/com.st.stm32cube.ide.mcu.externaltools.gnu-tools-for-stm32.11.3.rel1.win32_1.1.0.202305231506/tools/bin/../lib/gcc/arm-none-eabi/11.3.1/../../../../arm-none-eabi/lib/thumb/v7-m/nofp\libc_nano.a(libc_a-stdio.o)
                0x0000000008007010                __sread
 .text.__swrite
                0x0000000008007032       0x38 C:/ST/STM32CubeIDE_1.13.1/STM32CubeIDE/plugins/com.st.stm32cube.ide.mcu.externaltools.gnu-tools-for-stm32.11.3.rel1.win32_1.1.0.202305231506/tools/bin/../lib/gcc/arm-none-eabi/11.3.1/../../../../arm-none-eabi/lib/thumb/v7-m/nofp\libc_nano.a(libc_a-stdio.o)
                0x0000000008007032                __swrite
 .text.__sseek  0x000000000800706a       0x24 C:/ST/STM32CubeIDE_1.13.1/STM32CubeIDE/plugins/com.st.stm32cube.ide.mcu.externaltools.gnu-tools-for-stm32.11.3.rel1.win32_1.1.0.202305231506/tools/bin/../lib/gcc/arm-none-eabi/11.3.1/../../../../arm-none-eabi/lib/thumb/v7-m/nofp\libc_nano.a(libc_a-stdio.o)
                0x000000000800706a                __sseek
 .text.__sclose
                0x000000000800708e        0x8 C:/ST/STM32CubeIDE_1.13.1/STM32CubeIDE/plugins/com.st.stm32cube.ide.mcu.externaltools.gnu-tools-for-stm32.11.3.rel1.win32_1.1.0.202305231506/tools/bin/../lib/gcc/arm-none-eabi/11.3.1/../../../../arm-none-eabi/lib/thumb/v7-m/nofp\libc_nano.a(libc_a-stdio.o)
                0x000000000800708e                __sclose
 .text._vsnprintf_r
                0x0000000008007096       0x56 C:/ST/STM32CubeIDE_1.13.1/STM32CubeIDE/plugins/com.st.stm32cube.ide.mcu.externaltools.gnu-tools-for-stm32.11.3.rel1.win32_1.1.0.202305231506/tools/bin/../lib/gcc/arm-none-eabi/11.3.1/../../../../arm-none-eabi/lib/thumb/v7-m/nofp\libc_nano.a(libc_a-vsnprintf.o)
                0x0000000008007096                _vsniprintf_r
                0x0000000008007096                _vsnprintf_r
 .text.vsnprintf
                0x00000000080070ec       0x1c C:/ST/STM32CubeIDE_1.13.1/STM32CubeIDE/plugins/com.st.stm32cube.ide.mcu.externaltools.gnu-tools-for-stm32.11.3.rel1.win32_1.1.0.202305231506/tools/bin/../lib/gcc/arm-none-eabi/11.3.1/../../../../arm-none-eabi/lib/thumb/v7-m/nofp\libc_nano.a(libc_a-vsnprintf.o)
                0x00000000080070ec                vsniprintf
                0x00000000080070ec                vsnprintf
 .text.memmove  0x0000000008007108       0x34 C:/ST/STM32CubeIDE_1.13.1/STM32CubeIDE/plugins/com.st.stm32cube.ide.mcu.externaltools.gnu-tools-for-stm32.11.3.rel1.win32_1.1.0.202305231506/tools/bin/../lib/gcc/arm-none-eabi/11.3.1/../../../../arm-none-eabi/lib/thumb/v7-m/nofp\libc_nano.a(libc_a-memmove.o)
                0x0000000008007108                memmove
 .text.memset   0x000000000800713c       0x10 C:/ST/STM32CubeIDE_1.13.1/STM32CubeIDE/plugins/com.st.stm32cube.ide.mcu.externaltools.gnu-tools-for-stm32.11.3.rel1.win32_1.1.0.202305231506/tools/bin/../lib/gcc/arm-none-eabi/11.3.1/../../../../arm-none-eabi/lib/thumb/v7-m/nofp\libc_nano.a(libc_a-memset.o)
                0x000000000800713c                memset
 .text.strncmp  0x000000000800714c       0x24 C:/ST/STM32CubeIDE_1.13.1/STM32CubeIDE/plugins/com.st.stm32cube.ide.mcu.externaltools.gnu-tools-for-stm32.11.3.rel1.win32_1.1.0.202305231506/tools/bin/../lib/gcc/arm-none-eabi/11.3.1/../../../../arm-none-eabi/lib/thumb/v7-m/nofp\libc_nano.a(libc_a-strncmp.o)
                0x000000000800714c                strncmp
 .text.__strtok_r
                0x0000000008007170       0x50 C:/ST/STM32CubeIDE_1.13.1/STM32CubeIDE/plugins/com.st.stm32cube.ide.mcu.externaltools.gnu-tools-for-stm32.11.3.rel1.win32_1.1.0.202305231506/tools/bin/../lib/gcc/arm-none-eabi/11.3.1/../../../../arm-none-eabi/lib/thumb/v7-m/nofp\libc_nano.a(libc_a-strtok_r.o)
                0x0000000008007170                __strtok_r
 .text.strtok_r
                0x00000000080071c0        0x6 C:/ST/STM32CubeIDE_1.13.1/STM32CubeIDE/plugins/com.st.stm32cube.ide.mcu.externaltools.gnu-tools-for-stm32.11.3.rel1.win32_1.1.0.202305231506/tools/bin/../lib/gcc/arm-none-eabi/11.3.1/../../../../arm-none-eabi/lib/thumb/v7-m/nofp\libc_nano.a(libc_a-strtok_r.o)
                0x00000000080071c0                strtok_r
 *fill*         0x00000000080071c6        0x2 
 .text._close_r
                0x00000000080071c8       0x20 C:/ST/STM32CubeIDE_1.13.1/STM32CubeIDE/plugins/com.st.stm32cube.ide.mcu.externaltools.gnu-tools-for-stm32.11.3.rel1.win32_1.1.0.202305231506/tools/bin/../lib/gcc/arm-none-eabi/11.3.1/../../../../arm-none-eabi/lib/thumb/v7-m/nofp\libc_nano.a(libc_a-closer.o)
                0x00000000080071c8                _close_r
 .text._lseek_r
                0x00000000080071e8       0x24 C:/ST/STM32CubeIDE_1.13.1/STM32CubeIDE/plugins/com.st.stm32cube.ide.mcu.externaltools.gnu-tools-for-stm32.11.3.rel1.win32_1.1.0.202305231506/tools/bin/../lib/gcc/arm-none-eabi/11.3.1/../../../../arm-none-eabi/lib/thumb/v7-m/nofp\libc_nano.a(libc_a-lseekr.o)
                0x00000000080071e8                _lseek_r
 .text._read_r  0x000000000800720c       0x24 C:/ST/STM32CubeIDE_1.13.1/STM32CubeIDE/plugins/com.st.stm32cube.ide.mcu.externaltools.gnu-tools-for-stm32.11.3.rel1.win32_1.1.0.202305231506/tools/bin/../lib/gcc/arm-none-eabi/11.3.1/../../../../arm-none-eabi/lib/thumb/v7-m/nofp\libc_nano.a(libc_a-readr.o)
                0x000000000800720c                _read_r
 .text._write_r
                0x0000000008007230       0x24 C:/ST/STM32CubeIDE_1.13.1/STM32CubeIDE/plugins/com.st.stm32cube.ide.mcu.externaltools.gnu-tools-for-stm32.11.3.rel1.win32_1.1.0.202305231506/tools/bin/../lib/gcc/arm-none-eabi/11.3.1/../../../../arm-none-eabi/lib/thumb/v7-m/nofp\libc_nano.a(libc_a-writer.o)
                0x0000000008007230                _write_r
 .text.__errno  0x0000000008007254        0xc C:/ST/STM32CubeIDE_1.13.1/STM32CubeIDE/plugins/com.st.stm32cube.ide.mcu.externaltools.gnu-tools-for-stm32.11.3.rel1.win32_1.1.0.202305231506/tools/bin/../lib/gcc/arm-none-eabi/11.3.1/../../../../arm-none-eabi/lib/thumb/v7-m/nofp\libc_nano.a(libc_a-errno.o)
                0x0000000008007254                __errno
 .text.__libc_init_array
                0x0000000008007260       0x48 C:/ST/STM32CubeIDE_1.13.1/STM32CubeIDE/plugins/com.st.stm32cube.ide.mcu.externaltools.gnu-tools-for-stm32.11.3.rel1.win32_1.1.0.202305231506/tools/bin/../lib/gcc/arm-none-eabi/11.3.1/../../../../arm-none-eabi/lib/thumb/v7-m/nofp\libc_nano.a(libc_a-init.o)
                0x0000000008007260                __libc_init_array
 .text.__retarget_lock_acquire_recursive
                0x00000000080072a8        0x2 C:/ST/STM32CubeIDE_1.13.1/STM32CubeIDE/plugins/com.st.stm32cube.ide.mcu.externaltools.gnu-tools-for-stm32.11.3.rel1.win32_1.1.0.202305231506/tools/bin/../lib/gcc/arm-none-eabi/11.3.1/../../../../arm-none-eabi/lib/thumb/v7-m/nofp\libc_nano.a(libc_a-lock.o)
                0x00000000080072a8                __retarget_lock_acquire_recursive
 .text.__retarget_lock_release_recursive
                0x00000000080072aa        0x2 C:/ST/STM32CubeIDE_1.13.1/STM32CubeIDE/plugins/com.st.stm32cube.ide.mcu.externaltools.gnu-tools-for-stm32.11.3.rel1.win32_1.1.0.202305231506/tools/bin/../lib/gcc/arm-none-eabi/11.3.1/../../../../arm-none-eabi/lib/thumb/v7-m/nofp\libc_nano.a(libc_a-lock.o)
                0x00000000080072aa                __retarget_lock_release_recursive
 .text.strcpy   0x00000000080072ac       0x10 C:/ST/STM32CubeIDE_1.13.1/STM32CubeIDE/plugins/com.st.stm32cube.ide.mcu.externaltools.gnu-tools-for-stm32.11.3.rel1.win32_1.1.0.202305231506/tools/bin/../lib/gcc/arm-none-eabi/11.3.1/../../../../arm-none-eabi/lib/thumb/v7-m/nofp\libc_nano.a(libc_a-strcpy.o)
                0x00000000080072ac                strcpy
 .text.memcpy   0x00000000080072bc       0x1c C:/ST/STM32CubeIDE_1.13.1/STM32CubeIDE/plugins/com.st.stm32cube.ide.mcu.externaltools.gnu-tools-for-stm32.11.3.rel1.win32_1.1.0.202305231506/tools/bin/../lib/gcc/arm-none-eabi/11.3.1/../../../../arm-none-eabi/lib/thumb/v7-m/nofp\libc_nano.a(libc_a-memcpy-stub.o)
                0x00000000080072bc                memcpy
 .text.nan      0x00000000080072d8        0xc C:/ST/STM32CubeIDE_1.13.1/STM32CubeIDE/plugins/com.st.stm32cube.ide.mcu.externaltools.gnu-tools-for-stm32.11.3.rel1.win32_1.1.0.202305231506/tools/bin/../lib/gcc/arm-none-eabi/11.3.1/../../../../arm-none-eabi/lib/thumb/v7-m/nofp\libc_nano.a(libm_a-s_nan.o)
                0x00000000080072d8                nan
 .text.nanf     0x00000000080072e4        0x8 C:/ST/STM32CubeIDE_1.13.1/STM32CubeIDE/plugins/com.st.stm32cube.ide.mcu.externaltools.gnu-tools-for-stm32.11.3.rel1.win32_1.1.0.202305231506/tools/bin/../lib/gcc/arm-none-eabi/11.3.1/../../../../arm-none-eabi/lib/thumb/v7-m/nofp\libc_nano.a(libm_a-sf_nan.o)
                0x00000000080072e4                nanf
 .text._free_r  0x00000000080072ec       0x90 C:/ST/STM32CubeIDE_1.13.1/STM32CubeIDE/plugins/com.st.stm32cube.ide.mcu.externaltools.gnu-tools-for-stm32.11.3.rel1.win32_1.1.0.202305231506/tools/bin/../lib/gcc/arm-none-eabi/11.3.1/../../../../arm-none-eabi/lib/thumb/v7-m/nofp\libc_nano.a(libc_a-freer.o)
                0x00000000080072ec                _free_r
 .text.rshift   0x000000000800737c       0xa6 C:/ST/STM32CubeIDE_1.13.1/STM32CubeIDE/plugins/com.st.stm32cube.ide.mcu.externaltools.gnu-tools-for-stm32.11.3.rel1.win32_1.1.0.202305231506/tools/bin/../lib/gcc/arm-none-eabi/11.3.1/../../../../arm-none-eabi/lib/thumb/v7-m/nofp\libc_nano.a(libc_a-gdtoa-gethex.o)
 .text.__hexdig_fun
                0x0000000008007422       0x2a C:/ST/STM32CubeIDE_1.13.1/STM32CubeIDE/plugins/com.st.stm32cube.ide.mcu.externaltools.gnu-tools-for-stm32.11.3.rel1.win32_1.1.0.202305231506/tools/bin/../lib/gcc/arm-none-eabi/11.3.1/../../../../arm-none-eabi/lib/thumb/v7-m/nofp\libc_nano.a(libc_a-gdtoa-gethex.o)
                0x0000000008007422                __hexdig_fun
 .text.__gethex
                0x000000000800744c      0x460 C:/ST/STM32CubeIDE_1.13.1/STM32CubeIDE/plugins/com.st.stm32cube.ide.mcu.externaltools.gnu-tools-for-stm32.11.3.rel1.win32_1.1.0.202305231506/tools/bin/../lib/gcc/arm-none-eabi/11.3.1/../../../../arm-none-eabi/lib/thumb/v7-m/nofp\libc_nano.a(libc_a-gdtoa-gethex.o)
                0x000000000800744c                __gethex
 .text.L_shift  0x00000000080078ac       0x24 C:/ST/STM32CubeIDE_1.13.1/STM32CubeIDE/plugins/com.st.stm32cube.ide.mcu.externaltools.gnu-tools-for-stm32.11.3.rel1.win32_1.1.0.202305231506/tools/bin/../lib/gcc/arm-none-eabi/11.3.1/../../../../arm-none-eabi/lib/thumb/v7-m/nofp\libc_nano.a(libc_a-gdtoa-hexnan.o)
 .text.__match  0x00000000080078d0       0x28 C:/ST/STM32CubeIDE_1.13.1/STM32CubeIDE/plugins/com.st.stm32cube.ide.mcu.externaltools.gnu-tools-for-stm32.11.3.rel1.win32_1.1.0.202305231506/tools/bin/../lib/gcc/arm-none-eabi/11.3.1/../../../../arm-none-eabi/lib/thumb/v7-m/nofp\libc_nano.a(libc_a-gdtoa-hexnan.o)
                0x00000000080078d0                __match
 .text.__hexnan
                0x00000000080078f8      0x136 C:/ST/STM32CubeIDE_1.13.1/STM32CubeIDE/plugins/com.st.stm32cube.ide.mcu.externaltools.gnu-tools-for-stm32.11.3.rel1.win32_1.1.0.202305231506/tools/bin/../lib/gcc/arm-none-eabi/11.3.1/../../../../arm-none-eabi/lib/thumb/v7-m/nofp\libc_nano.a(libc_a-gdtoa-hexnan.o)
                0x00000000080078f8                __hexnan
 *fill*         0x0000000008007a2e        0x2 
 .text.sbrk_aligned
                0x0000000008007a30       0x40 C:/ST/STM32CubeIDE_1.13.1/STM32CubeIDE/plugins/com.st.stm32cube.ide.mcu.externaltools.gnu-tools-for-stm32.11.3.rel1.win32_1.1.0.202305231506/tools/bin/../lib/gcc/arm-none-eabi/11.3.1/../../../../arm-none-eabi/lib/thumb/v7-m/nofp\libc_nano.a(libc_a-mallocr.o)
 .text._malloc_r
                0x0000000008007a70      0x100 C:/ST/STM32CubeIDE_1.13.1/STM32CubeIDE/plugins/com.st.stm32cube.ide.mcu.externaltools.gnu-tools-for-stm32.11.3.rel1.win32_1.1.0.202305231506/tools/bin/../lib/gcc/arm-none-eabi/11.3.1/../../../../arm-none-eabi/lib/thumb/v7-m/nofp\libc_nano.a(libc_a-mallocr.o)
                0x0000000008007a70                _malloc_r
 .text.__ascii_mbtowc
                0x0000000008007b70       0x24 C:/ST/STM32CubeIDE_1.13.1/STM32CubeIDE/plugins/com.st.stm32cube.ide.mcu.externaltools.gnu-tools-for-stm32.11.3.rel1.win32_1.1.0.202305231506/tools/bin/../lib/gcc/arm-none-eabi/11.3.1/../../../../arm-none-eabi/lib/thumb/v7-m/nofp\libc_nano.a(libc_a-mbtowc_r.o)
                0x0000000008007b70                __ascii_mbtowc
 .text.__malloc_lock
                0x0000000008007b94        0xc C:/ST/STM32CubeIDE_1.13.1/STM32CubeIDE/plugins/com.st.stm32cube.ide.mcu.externaltools.gnu-tools-for-stm32.11.3.rel1.win32_1.1.0.202305231506/tools/bin/../lib/gcc/arm-none-eabi/11.3.1/../../../../arm-none-eabi/lib/thumb/v7-m/nofp\libc_nano.a(libc_a-mlock.o)
                0x0000000008007b94                __malloc_lock
 .text.__malloc_unlock
                0x0000000008007ba0        0xc C:/ST/STM32CubeIDE_1.13.1/STM32CubeIDE/plugins/com.st.stm32cube.ide.mcu.externaltools.gnu-tools-for-stm32.11.3.rel1.win32_1.1.0.202305231506/tools/bin/../lib/gcc/arm-none-eabi/11.3.1/../../../../arm-none-eabi/lib/thumb/v7-m/nofp\libc_nano.a(libc_a-mlock.o)
                0x0000000008007ba0                __malloc_unlock
 .text._Balloc  0x0000000008007bac       0x80 C:/ST/STM32CubeIDE_1.13.1/STM32CubeIDE/plugins/com.st.stm32cube.ide.mcu.externaltools.gnu-tools-for-stm32.11.3.rel1.win32_1.1.0.202305231506/tools/bin/../lib/gcc/arm-none-eabi/11.3.1/../../../../arm-none-eabi/lib/thumb/v7-m/nofp\libc_nano.a(libc_a-mprec.o)
                0x0000000008007bac                _Balloc
 .text._Bfree   0x0000000008007c2c       0x44 C:/ST/STM32CubeIDE_1.13.1/STM32CubeIDE/plugins/com.st.stm32cube.ide.mcu.externaltools.gnu-tools-for-stm32.11.3.rel1.win32_1.1.0.202305231506/tools/bin/../lib/gcc/arm-none-eabi/11.3.1/../../../../arm-none-eabi/lib/thumb/v7-m/nofp\libc_nano.a(libc_a-mprec.o)
                0x0000000008007c2c                _Bfree
 .text.__multadd
                0x0000000008007c70       0x8c C:/ST/STM32CubeIDE_1.13.1/STM32CubeIDE/plugins/com.st.stm32cube.ide.mcu.externaltools.gnu-tools-for-stm32.11.3.rel1.win32_1.1.0.202305231506/tools/bin/../lib/gcc/arm-none-eabi/11.3.1/../../../../arm-none-eabi/lib/thumb/v7-m/nofp\libc_nano.a(libc_a-mprec.o)
                0x0000000008007c70                __multadd
 .text.__s2b    0x0000000008007cfc       0x94 C:/ST/STM32CubeIDE_1.13.1/STM32CubeIDE/plugins/com.st.stm32cube.ide.mcu.externaltools.gnu-tools-for-stm32.11.3.rel1.win32_1.1.0.202305231506/tools/bin/../lib/gcc/arm-none-eabi/11.3.1/../../../../arm-none-eabi/lib/thumb/v7-m/nofp\libc_nano.a(libc_a-mprec.o)
                0x0000000008007cfc                __s2b
 .text.__hi0bits
                0x0000000008007d90       0x40 C:/ST/STM32CubeIDE_1.13.1/STM32CubeIDE/plugins/com.st.stm32cube.ide.mcu.externaltools.gnu-tools-for-stm32.11.3.rel1.win32_1.1.0.202305231506/tools/bin/../lib/gcc/arm-none-eabi/11.3.1/../../../../arm-none-eabi/lib/thumb/v7-m/nofp\libc_nano.a(libc_a-mprec.o)
                0x0000000008007d90                __hi0bits
 .text.__lo0bits
                0x0000000008007dd0       0x5a C:/ST/STM32CubeIDE_1.13.1/STM32CubeIDE/plugins/com.st.stm32cube.ide.mcu.externaltools.gnu-tools-for-stm32.11.3.rel1.win32_1.1.0.202305231506/tools/bin/../lib/gcc/arm-none-eabi/11.3.1/../../../../arm-none-eabi/lib/thumb/v7-m/nofp\libc_nano.a(libc_a-mprec.o)
                0x0000000008007dd0                __lo0bits
 *fill*         0x0000000008007e2a        0x2 
 .text.__i2b    0x0000000008007e2c       0x2c C:/ST/STM32CubeIDE_1.13.1/STM32CubeIDE/plugins/com.st.stm32cube.ide.mcu.externaltools.gnu-tools-for-stm32.11.3.rel1.win32_1.1.0.202305231506/tools/bin/../lib/gcc/arm-none-eabi/11.3.1/../../../../arm-none-eabi/lib/thumb/v7-m/nofp\libc_nano.a(libc_a-mprec.o)
                0x0000000008007e2c                __i2b
 .text.__multiply
                0x0000000008007e58      0x150 C:/ST/STM32CubeIDE_1.13.1/STM32CubeIDE/plugins/com.st.stm32cube.ide.mcu.externaltools.gnu-tools-for-stm32.11.3.rel1.win32_1.1.0.202305231506/tools/bin/../lib/gcc/arm-none-eabi/11.3.1/../../../../arm-none-eabi/lib/thumb/v7-m/nofp\libc_nano.a(libc_a-mprec.o)
                0x0000000008007e58                __multiply
 .text.__pow5mult
                0x0000000008007fa8       0xb4 C:/ST/STM32CubeIDE_1.13.1/STM32CubeIDE/plugins/com.st.stm32cube.ide.mcu.externaltools.gnu-tools-for-stm32.11.3.rel1.win32_1.1.0.202305231506/tools/bin/../lib/gcc/arm-none-eabi/11.3.1/../../../../arm-none-eabi/lib/thumb/v7-m/nofp\libc_nano.a(libc_a-mprec.o)
                0x0000000008007fa8                __pow5mult
 .text.__lshift
                0x000000000800805c       0xd8 C:/ST/STM32CubeIDE_1.13.1/STM32CubeIDE/plugins/com.st.stm32cube.ide.mcu.externaltools.gnu-tools-for-stm32.11.3.rel1.win32_1.1.0.202305231506/tools/bin/../lib/gcc/arm-none-eabi/11.3.1/../../../../arm-none-eabi/lib/thumb/v7-m/nofp\libc_nano.a(libc_a-mprec.o)
                0x000000000800805c                __lshift
 .text.__mcmp   0x0000000008008134       0x36 C:/ST/STM32CubeIDE_1.13.1/STM32CubeIDE/plugins/com.st.stm32cube.ide.mcu.externaltools.gnu-tools-for-stm32.11.3.rel1.win32_1.1.0.202305231506/tools/bin/../lib/gcc/arm-none-eabi/11.3.1/../../../../arm-none-eabi/lib/thumb/v7-m/nofp\libc_nano.a(libc_a-mprec.o)
                0x0000000008008134                __mcmp
 *fill*         0x000000000800816a        0x2 
 .text.__mdiff  0x000000000800816c      0x118 C:/ST/STM32CubeIDE_1.13.1/STM32CubeIDE/plugins/com.st.stm32cube.ide.mcu.externaltools.gnu-tools-for-stm32.11.3.rel1.win32_1.1.0.202305231506/tools/bin/../lib/gcc/arm-none-eabi/11.3.1/../../../../arm-none-eabi/lib/thumb/v7-m/nofp\libc_nano.a(libc_a-mprec.o)
                0x000000000800816c                __mdiff
 .text.__ulp    0x0000000008008284       0x40 C:/ST/STM32CubeIDE_1.13.1/STM32CubeIDE/plugins/com.st.stm32cube.ide.mcu.externaltools.gnu-tools-for-stm32.11.3.rel1.win32_1.1.0.202305231506/tools/bin/../lib/gcc/arm-none-eabi/11.3.1/../../../../arm-none-eabi/lib/thumb/v7-m/nofp\libc_nano.a(libc_a-mprec.o)
                0x0000000008008284                __ulp
 .text.__b2d    0x00000000080082c4       0x90 C:/ST/STM32CubeIDE_1.13.1/STM32CubeIDE/plugins/com.st.stm32cube.ide.mcu.externaltools.gnu-tools-for-stm32.11.3.rel1.win32_1.1.0.202305231506/tools/bin/../lib/gcc/arm-none-eabi/11.3.1/../../../../arm-none-eabi/lib/thumb/v7-m/nofp\libc_nano.a(libc_a-mprec.o)
                0x00000000080082c4                __b2d
 .text.__d2b    0x0000000008008354       0xac C:/ST/STM32CubeIDE_1.13.1/STM32CubeIDE/plugins/com.st.stm32cube.ide.mcu.externaltools.gnu-tools-for-stm32.11.3.rel1.win32_1.1.0.202305231506/tools/bin/../lib/gcc/arm-none-eabi/11.3.1/../../../../arm-none-eabi/lib/thumb/v7-m/nofp\libc_nano.a(libc_a-mprec.o)
                0x0000000008008354                __d2b
 .text.__ratio  0x0000000008008400       0x5c C:/ST/STM32CubeIDE_1.13.1/STM32CubeIDE/plugins/com.st.stm32cube.ide.mcu.externaltools.gnu-tools-for-stm32.11.3.rel1.win32_1.1.0.202305231506/tools/bin/../lib/gcc/arm-none-eabi/11.3.1/../../../../arm-none-eabi/lib/thumb/v7-m/nofp\libc_nano.a(libc_a-mprec.o)
                0x0000000008008400                __ratio
 .text.__copybits
                0x000000000800845c       0x46 C:/ST/STM32CubeIDE_1.13.1/STM32CubeIDE/plugins/com.st.stm32cube.ide.mcu.externaltools.gnu-tools-for-stm32.11.3.rel1.win32_1.1.0.202305231506/tools/bin/../lib/gcc/arm-none-eabi/11.3.1/../../../../arm-none-eabi/lib/thumb/v7-m/nofp\libc_nano.a(libc_a-mprec.o)
                0x000000000800845c                __copybits
 .text.__any_on
                0x00000000080084a2       0x42 C:/ST/STM32CubeIDE_1.13.1/STM32CubeIDE/plugins/com.st.stm32cube.ide.mcu.externaltools.gnu-tools-for-stm32.11.3.rel1.win32_1.1.0.202305231506/tools/bin/../lib/gcc/arm-none-eabi/11.3.1/../../../../arm-none-eabi/lib/thumb/v7-m/nofp\libc_nano.a(libc_a-mprec.o)
                0x00000000080084a2                __any_on
 .text.__ascii_wctomb
                0x00000000080084e4       0x1a C:/ST/STM32CubeIDE_1.13.1/STM32CubeIDE/plugins/com.st.stm32cube.ide.mcu.externaltools.gnu-tools-for-stm32.11.3.rel1.win32_1.1.0.202305231506/tools/bin/../lib/gcc/arm-none-eabi/11.3.1/../../../../arm-none-eabi/lib/thumb/v7-m/nofp\libc_nano.a(libc_a-wctomb_r.o)
                0x00000000080084e4                __ascii_wctomb
 .text.__ssputs_r
                0x00000000080084fe       0xb4 C:/ST/STM32CubeIDE_1.13.1/STM32CubeIDE/plugins/com.st.stm32cube.ide.mcu.externaltools.gnu-tools-for-stm32.11.3.rel1.win32_1.1.0.202305231506/tools/bin/../lib/gcc/arm-none-eabi/11.3.1/../../../../arm-none-eabi/lib/thumb/v7-m/nofp\libc_nano.a(libc_a-nano-svfprintf.o)
                0x00000000080084fe                __ssputs_r
 *fill*         0x00000000080085b2        0x2 
 .text._svfprintf_r
                0x00000000080085b4      0x1fc C:/ST/STM32CubeIDE_1.13.1/STM32CubeIDE/plugins/com.st.stm32cube.ide.mcu.externaltools.gnu-tools-for-stm32.11.3.rel1.win32_1.1.0.202305231506/tools/bin/../lib/gcc/arm-none-eabi/11.3.1/../../../../arm-none-eabi/lib/thumb/v7-m/nofp\libc_nano.a(libc_a-nano-svfprintf.o)
                0x00000000080085b4                _svfiprintf_r
                0x00000000080085b4                _svfprintf_r
 .text._printf_common
                0x00000000080087b0       0xe4 C:/ST/STM32CubeIDE_1.13.1/STM32CubeIDE/plugins/com.st.stm32cube.ide.mcu.externaltools.gnu-tools-for-stm32.11.3.rel1.win32_1.1.0.202305231506/tools/bin/../lib/gcc/arm-none-eabi/11.3.1/../../../../arm-none-eabi/lib/thumb/v7-m/nofp\libc_nano.a(libc_a-nano-vfprintf_i.o)
                0x00000000080087b0                _printf_common
 .text._printf_i
                0x0000000008008894      0x244 C:/ST/STM32CubeIDE_1.13.1/STM32CubeIDE/plugins/com.st.stm32cube.ide.mcu.externaltools.gnu-tools-for-stm32.11.3.rel1.win32_1.1.0.202305231506/tools/bin/../lib/gcc/arm-none-eabi/11.3.1/../../../../arm-none-eabi/lib/thumb/v7-m/nofp\libc_nano.a(libc_a-nano-vfprintf_i.o)
                0x0000000008008894                _printf_i
 .text.__sflush_r
                0x0000000008008ad8      0x104 C:/ST/STM32CubeIDE_1.13.1/STM32CubeIDE/plugins/com.st.stm32cube.ide.mcu.externaltools.gnu-tools-for-stm32.11.3.rel1.win32_1.1.0.202305231506/tools/bin/../lib/gcc/arm-none-eabi/11.3.1/../../../../arm-none-eabi/lib/thumb/v7-m/nofp\libc_nano.a(libc_a-fflush.o)
                0x0000000008008ad8                __sflush_r
 .text._fflush_r
                0x0000000008008bdc       0x50 C:/ST/STM32CubeIDE_1.13.1/STM32CubeIDE/plugins/com.st.stm32cube.ide.mcu.externaltools.gnu-tools-for-stm32.11.3.rel1.win32_1.1.0.202305231506/tools/bin/../lib/gcc/arm-none-eabi/11.3.1/../../../../arm-none-eabi/lib/thumb/v7-m/nofp\libc_nano.a(libc_a-fflush.o)
                0x0000000008008bdc                _fflush_r
 .text._sbrk_r  0x0000000008008c2c       0x20 C:/ST/STM32CubeIDE_1.13.1/STM32CubeIDE/plugins/com.st.stm32cube.ide.mcu.externaltools.gnu-tools-for-stm32.11.3.rel1.win32_1.1.0.202305231506/tools/bin/../lib/gcc/arm-none-eabi/11.3.1/../../../../arm-none-eabi/lib/thumb/v7-m/nofp\libc_nano.a(libc_a-sbrkr.o)
                0x0000000008008c2c                _sbrk_r
 .text.memchr   0x0000000008008c4c       0x1c C:/ST/STM32CubeIDE_1.13.1/STM32CubeIDE/plugins/com.st.stm32cube.ide.mcu.externaltools.gnu-tools-for-stm32.11.3.rel1.win32_1.1.0.202305231506/tools/bin/../lib/gcc/arm-none-eabi/11.3.1/../../../../arm-none-eabi/lib/thumb/v7-m/nofp\libc_nano.a(libc_a-memchr-stub.o)
                0x0000000008008c4c                memchr
 .text.__assert_func
                0x0000000008008c68       0x3c C:/ST/STM32CubeIDE_1.13.1/STM32CubeIDE/plugins/com.st.stm32cube.ide.mcu.externaltools.gnu-tools-for-stm32.11.3.rel1.win32_1.1.0.202305231506/tools/bin/../lib/gcc/arm-none-eabi/11.3.1/../../../../arm-none-eabi/lib/thumb/v7-m/nofp\libc_nano.a(libc_a-assert.o)
                0x0000000008008c68                __assert_func
 .text._calloc_r
                0x0000000008008ca4       0x28 C:/ST/STM32CubeIDE_1.13.1/STM32CubeIDE/plugins/com.st.stm32cube.ide.mcu.externaltools.gnu-tools-for-stm32.11.3.rel1.win32_1.1.0.202305231506/tools/bin/../lib/gcc/arm-none-eabi/11.3.1/../../../../arm-none-eabi/lib/thumb/v7-m/nofp\libc_nano.a(libc_a-callocr.o)
                0x0000000008008ca4                _calloc_r
 .text.malloc   0x0000000008008ccc       0x10 C:/ST/STM32CubeIDE_1.13.1/STM32CubeIDE/plugins/com.st.stm32cube.ide.mcu.externaltools.gnu-tools-for-stm32.11.3.rel1.win32_1.1.0.202305231506/tools/bin/../lib/gcc/arm-none-eabi/11.3.1/../../../../arm-none-eabi/lib/thumb/v7-m/nofp\libc_nano.a(libc_a-malloc.o)
                0x0000000008008ccc                malloc
 .text._realloc_r
                0x0000000008008cdc       0x5e C:/ST/STM32CubeIDE_1.13.1/STM32CubeIDE/plugins/com.st.stm32cube.ide.mcu.externaltools.gnu-tools-for-stm32.11.3.rel1.win32_1.1.0.202305231506/tools/bin/../lib/gcc/arm-none-eabi/11.3.1/../../../../arm-none-eabi/lib/thumb/v7-m/nofp\libc_nano.a(libc_a-reallocr.o)
                0x0000000008008cdc                _realloc_r
 *fill*         0x0000000008008d3a        0x2 
 .text.fprintf  0x0000000008008d3c       0x24 C:/ST/STM32CubeIDE_1.13.1/STM32CubeIDE/plugins/com.st.stm32cube.ide.mcu.externaltools.gnu-tools-for-stm32.11.3.rel1.win32_1.1.0.202305231506/tools/bin/../lib/gcc/arm-none-eabi/11.3.1/../../../../arm-none-eabi/lib/thumb/v7-m/nofp\libc_nano.a(libc_a-fprintf.o)
                0x0000000008008d3c                fiprintf
                0x0000000008008d3c                fprintf
 .text.abort    0x0000000008008d60        0xe C:/ST/STM32CubeIDE_1.13.1/STM32CubeIDE/plugins/com.st.stm32cube.ide.mcu.externaltools.gnu-tools-for-stm32.11.3.rel1.win32_1.1.0.202305231506/tools/bin/../lib/gcc/arm-none-eabi/11.3.1/../../../../arm-none-eabi/lib/thumb/v7-m/nofp\libc_nano.a(libc_a-abort.o)
                0x0000000008008d60                abort
 .text._malloc_usable_size_r
                0x0000000008008d6e       0x10 C:/ST/STM32CubeIDE_1.13.1/STM32CubeIDE/plugins/com.st.stm32cube.ide.mcu.externaltools.gnu-tools-for-stm32.11.3.rel1.win32_1.1.0.202305231506/tools/bin/../lib/gcc/arm-none-eabi/11.3.1/../../../../arm-none-eabi/lib/thumb/v7-m/nofp\libc_nano.a(libc_a-msizer.o)
                0x0000000008008d6e                _malloc_usable_size_r
 .text.__sfputc_r
                0x0000000008008d7e       0x2a C:/ST/STM32CubeIDE_1.13.1/STM32CubeIDE/plugins/com.st.stm32cube.ide.mcu.externaltools.gnu-tools-for-stm32.11.3.rel1.win32_1.1.0.202305231506/tools/bin/../lib/gcc/arm-none-eabi/11.3.1/../../../../arm-none-eabi/lib/thumb/v7-m/nofp\libc_nano.a(libc_a-nano-vfprintf.o)
 .text.__sfputs_r
                0x0000000008008da8       0x24 C:/ST/STM32CubeIDE_1.13.1/STM32CubeIDE/plugins/com.st.stm32cube.ide.mcu.externaltools.gnu-tools-for-stm32.11.3.rel1.win32_1.1.0.202305231506/tools/bin/../lib/gcc/arm-none-eabi/11.3.1/../../../../arm-none-eabi/lib/thumb/v7-m/nofp\libc_nano.a(libc_a-nano-vfprintf.o)
                0x0000000008008da8                __sfputs_r
 .text._vfprintf_r
                0x0000000008008dcc      0x234 C:/ST/STM32CubeIDE_1.13.1/STM32CubeIDE/plugins/com.st.stm32cube.ide.mcu.externaltools.gnu-tools-for-stm32.11.3.rel1.win32_1.1.0.202305231506/tools/bin/../lib/gcc/arm-none-eabi/11.3.1/../../../../arm-none-eabi/lib/thumb/v7-m/nofp\libc_nano.a(libc_a-nano-vfprintf.o)
                0x0000000008008dcc                _vfprintf_r
                0x0000000008008dcc                _vfiprintf_r
 .text.__swbuf_r
                0x0000000008009000       0x7a C:/ST/STM32CubeIDE_1.13.1/STM32CubeIDE/plugins/com.st.stm32cube.ide.mcu.externaltools.gnu-tools-for-stm32.11.3.rel1.win32_1.1.0.202305231506/tools/bin/../lib/gcc/arm-none-eabi/11.3.1/../../../../arm-none-eabi/lib/thumb/v7-m/nofp\libc_nano.a(libc_a-wbuf.o)
                0x0000000008009000                __swbuf_r
 *fill*         0x000000000800907a        0x2 
 .text.__swsetup_r
                0x000000000800907c       0xb0 C:/ST/STM32CubeIDE_1.13.1/STM32CubeIDE/plugins/com.st.stm32cube.ide.mcu.externaltools.gnu-tools-for-stm32.11.3.rel1.win32_1.1.0.202305231506/tools/bin/../lib/gcc/arm-none-eabi/11.3.1/../../../../arm-none-eabi/lib/thumb/v7-m/nofp\libc_nano.a(libc_a-wsetup.o)