../src/lib/cube_f103/USB_DEVICE/App/usbd_cdc_if.c:275:15:CDC_DeInit_FS	0	static
../src/lib/cube_f103/USB_DEVICE/App/usbd_cdc_if.c:289:15:CDC_Control_FS	0	static
../src/lib/cube_f103/USB_DEVICE/App/usbd_cdc_if.c:261:15:CDC_Init_FS	8	static
../src/lib/cube_f103/USB_DEVICE/App/usbd_cdc_if.c:42:10:cdcAvailable	0	static
../src/lib/cube_f103/USB_DEVICE/App/usbd_cdc_if.c:51:9:cdcDataIn	0	static
../src/lib/cube_f103/USB_DEVICE/App/usbd_cdc_if.c:383:15:CDC_Receive_FS	16	static
../src/lib/cube_f103/USB_DEVICE/App/usbd_cdc_if.c:67:9:cdcRead	8	static
../src/lib/cube_f103/USB_DEVICE/App/usbd_cdc_if.c:107:10:cdcGetBaud	0	static
../src/lib/cube_f103/USB_DEVICE/App/usbd_cdc_if.c:112:9:USBD_CDC_SOF	16	static
../src/lib/cube_f103/USB_DEVICE/App/usbd_cdc_if.c:423:9:CDC_Transmit_FS	8	static
../src/lib/cube_f103/USB_DEVICE/App/usbd_cdc_if.c:81:9:cdcWrite	24	static
