../src/hw/driver/spi.c:26:6:spiInit	0	static
../src/hw/driver/spi.c:38:6:spiBegin	16	static
../src/hw/driver/spi.c:90:6:spiSetDataMode	0	static
../src/hw/driver/spi.c:128:6:spiSetBitWidth	0	static
../src/hw/driver/spi.c:142:9:spiTransfer8	32	static
../src/hw/driver/spi.c:156:10:spiTransfer16	40	static
../src/hw/driver/spi.c:182:6:spiDmaTxStart	4	static
../src/hw/driver/spi.c:213:6:spiDmaTxIsDone	0	static
../src/hw/driver/spi.c:193:6:spiDmaTxTransfer	16	static
../src/hw/driver/spi.c:222:6:spiAttachTxInterrupt	0	static
../src/hw/driver/spi.c:231:6:HAL_SPI_TxCpltCallback	0	static
../src/hw/driver/spi.c:245:6:HAL_SPI_MspInit	48	static
../src/hw/driver/spi.c:310:6:HAL_SPI_MspDeInit	8	static
