../src/hw/driver/uart.c:25:6:uartInit	0	static
../src/hw/driver/uart.c:34:6:uartOpen	32	static
../src/hw/driver/uart.c:87:10:uartAvailable	0	static
../src/hw/driver/uart.c:105:9:uartRead	16	static
../src/hw/driver/uart.c:122:10:uartWrite	8	static
../src/hw/driver/uart.c:142:10:uartPrintf	276	static
../src/hw/driver/uart.c:159:10:uartGetBaud	8	static
../src/hw/driver/uart.c:174:6:uartFlush	16	static
../src/hw/driver/uart.c:191:6:uartClose	0	static
../src/hw/driver/uart.c:196:6:HAL_UART_ErrorCallback	0	static
../src/hw/driver/uart.c:203:6:HAL_UART_RxCpltCallback	0	static
../src/hw/driver/uart.c:221:6:HAL_UART_MspInit	40	static
../src/hw/driver/uart.c:274:6:HAL_UART_MspDeInit	8	static
